Component: ARM Compiler 5.06 update 6 (build 750) Tool: armlink [4d35ed]

==============================================================================

Section Cross References

    startup_stm32f407xx.o(RESET) refers to startup_stm32f407xx.o(STACK) for __initial_sp
    startup_stm32f407xx.o(RESET) refers to startup_stm32f407xx.o(.text) for Reset_Handler
    startup_stm32f407xx.o(RESET) refers to stm32f4xx_it.o(i.NMI_Handler) for NMI_Handler
    startup_stm32f407xx.o(RESET) refers to stm32f4xx_it.o(i.HardFault_Handler) for HardFault_Handler
    startup_stm32f407xx.o(RESET) refers to stm32f4xx_it.o(i.MemManage_Handler) for MemManage_Handler
    startup_stm32f407xx.o(RESET) refers to stm32f4xx_it.o(i.BusFault_Handler) for BusFault_Handler
    startup_stm32f407xx.o(RESET) refers to stm32f4xx_it.o(i.UsageFault_Handler) for UsageFault_Handler
    startup_stm32f407xx.o(RESET) refers to port.o(.emb_text) for SVC_Handler
    startup_stm32f407xx.o(RESET) refers to stm32f4xx_it.o(i.DebugMon_Handler) for DebugMon_Handler
    startup_stm32f407xx.o(RESET) refers to port.o(i.SysTick_Handler) for SysTick_Handler
    startup_stm32f407xx.o(RESET) refers to stm32f4xx_it.o(i.EXTI0_IRQHandler) for EXTI0_IRQHandler
    startup_stm32f407xx.o(RESET) refers to stm32f4xx_it.o(i.EXTI3_IRQHandler) for EXTI3_IRQHandler
    startup_stm32f407xx.o(RESET) refers to stm32f4xx_it.o(i.EXTI4_IRQHandler) for EXTI4_IRQHandler
    startup_stm32f407xx.o(RESET) refers to stm32f4xx_it.o(i.DMA1_Stream1_IRQHandler) for DMA1_Stream1_IRQHandler
    startup_stm32f407xx.o(RESET) refers to stm32f4xx_it.o(i.CAN1_RX0_IRQHandler) for CAN1_RX0_IRQHandler
    startup_stm32f407xx.o(RESET) refers to stm32f4xx_it.o(i.EXTI9_5_IRQHandler) for EXTI9_5_IRQHandler
    startup_stm32f407xx.o(RESET) refers to hipnuc_task.o(i.USART1_IRQHandler) for USART1_IRQHandler
    startup_stm32f407xx.o(RESET) refers to stm32f4xx_it.o(i.TIM7_IRQHandler) for TIM7_IRQHandler
    startup_stm32f407xx.o(RESET) refers to stm32f4xx_it.o(i.DMA2_Stream1_IRQHandler) for DMA2_Stream1_IRQHandler
    startup_stm32f407xx.o(RESET) refers to stm32f4xx_it.o(i.DMA2_Stream3_IRQHandler) for DMA2_Stream3_IRQHandler
    startup_stm32f407xx.o(RESET) refers to stm32f4xx_it.o(i.CAN2_RX0_IRQHandler) for CAN2_RX0_IRQHandler
    startup_stm32f407xx.o(RESET) refers to stm32f4xx_it.o(i.OTG_FS_IRQHandler) for OTG_FS_IRQHandler
    startup_stm32f407xx.o(RESET) refers to stm32f4xx_it.o(i.DMA2_Stream5_IRQHandler) for DMA2_Stream5_IRQHandler
    startup_stm32f407xx.o(RESET) refers to stm32f4xx_it.o(i.DMA2_Stream7_IRQHandler) for DMA2_Stream7_IRQHandler
    startup_stm32f407xx.o(RESET) refers to esp32_task.o(i.USART6_IRQHandler) for USART6_IRQHandler
    startup_stm32f407xx.o(.text) refers to system_stm32f4xx.o(i.SystemInit) for SystemInit
    startup_stm32f407xx.o(.text) refers to entry.o(.ARM.Collect$$$$00000000) for __main
    main.o(i.HAL_TIM_PeriodElapsedCallback) refers to stm32f4xx_hal.o(i.HAL_IncTick) for HAL_IncTick
    main.o(i.SystemClock_Config) refers to memseta.o(.text) for __aeabi_memclr4
    main.o(i.SystemClock_Config) refers to stm32f4xx_hal_rcc.o(i.HAL_RCC_OscConfig) for HAL_RCC_OscConfig
    main.o(i.SystemClock_Config) refers to main.o(i.Error_Handler) for Error_Handler
    main.o(i.SystemClock_Config) refers to stm32f4xx_hal_rcc.o(i.HAL_RCC_ClockConfig) for HAL_RCC_ClockConfig
    main.o(i.main) refers to stm32f4xx_hal.o(i.HAL_Init) for HAL_Init
    main.o(i.main) refers to main.o(i.SystemClock_Config) for SystemClock_Config
    main.o(i.main) refers to gpio.o(i.MX_GPIO_Init) for MX_GPIO_Init
    main.o(i.main) refers to dma.o(i.MX_DMA_Init) for MX_DMA_Init
    main.o(i.main) refers to tim.o(i.MX_TIM5_Init) for MX_TIM5_Init
    main.o(i.main) refers to spi.o(i.MX_SPI1_Init) for MX_SPI1_Init
    main.o(i.main) refers to can.o(i.MX_CAN1_Init) for MX_CAN1_Init
    main.o(i.main) refers to can.o(i.MX_CAN2_Init) for MX_CAN2_Init
    main.o(i.main) refers to tim.o(i.MX_TIM10_Init) for MX_TIM10_Init
    main.o(i.main) refers to i2c.o(i.MX_I2C3_Init) for MX_I2C3_Init
    main.o(i.main) refers to spi.o(i.MX_SPI2_Init) for MX_SPI2_Init
    main.o(i.main) refers to adc.o(i.MX_ADC1_Init) for MX_ADC1_Init
    main.o(i.main) refers to adc.o(i.MX_ADC3_Init) for MX_ADC3_Init
    main.o(i.main) refers to rtc.o(i.MX_RTC_Init) for MX_RTC_Init
    main.o(i.main) refers to tim.o(i.MX_TIM4_Init) for MX_TIM4_Init
    main.o(i.main) refers to i2c.o(i.MX_I2C2_Init) for MX_I2C2_Init
    main.o(i.main) refers to tim.o(i.MX_TIM2_Init) for MX_TIM2_Init
    main.o(i.main) refers to usart.o(i.MX_USART1_UART_Init) for MX_USART1_UART_Init
    main.o(i.main) refers to usart.o(i.MX_USART6_UART_Init) for MX_USART6_UART_Init
    main.o(i.main) refers to bsp_can.o(i.can_filter_init) for can_filter_init
    main.o(i.main) refers to stm32f4xx_hal_tim.o(i.HAL_TIM_Base_Start) for HAL_TIM_Base_Start
    main.o(i.main) refers to stm32f4xx_hal_tim.o(i.HAL_TIM_PWM_Start) for HAL_TIM_PWM_Start
[...]
    HAL_PCD_EP_SetStall                      0x08002e27   Thumb Code   138  stm32f4xx_hal_pcd.o(i.HAL_PCD_EP_SetStall)
    HAL_PCD_EP_Transmit                      0x08002eb1   Thumb Code    72  stm32f4xx_hal_pcd.o(i.HAL_PCD_EP_Transmit)
    HAL_PCD_IRQHandler                       0x08002ef9   Thumb Code  1738  stm32f4xx_hal_pcd.o(i.HAL_PCD_IRQHandler)
    HAL_PCD_ISOINIncompleteCallback          0x080035c3   Thumb Code    18  usbd_conf.o(i.HAL_PCD_ISOINIncompleteCallback)
    HAL_PCD_ISOOUTIncompleteCallback         0x080035d5   Thumb Code    18  usbd_conf.o(i.HAL_PCD_ISOOUTIncompleteCallback)
    HAL_PCD_Init                             0x080035e7   Thumb Code   350  stm32f4xx_hal_pcd.o(i.HAL_PCD_Init)
    HAL_PCD_MspInit                          0x08003745   Thumb Code   160  usbd_conf.o(i.HAL_PCD_MspInit)
    HAL_PCD_ResetCallback                    0x080037ed   Thumb Code    48  usbd_conf.o(i.HAL_PCD_ResetCallback)
    HAL_PCD_ResumeCallback                   0x0800381d   Thumb Code    14  usbd_conf.o(i.HAL_PCD_ResumeCallback)
    HAL_PCD_SOFCallback                      0x0800382b   Thumb Code    14  usbd_conf.o(i.HAL_PCD_SOFCallback)
    HAL_PCD_SetAddress                       0x08003839   Thumb Code    52  stm32f4xx_hal_pcd.o(i.HAL_PCD_SetAddress)
    HAL_PCD_SetupStageCallback               0x0800386d   Thumb Code    18  usbd_conf.o(i.HAL_PCD_SetupStageCallback)
    HAL_PCD_Start                            0x0800387f   Thumb Code    76  stm32f4xx_hal_pcd.o(i.HAL_PCD_Start)
    HAL_PCD_SuspendCallback                  0x080038cd   Thumb Code    46  usbd_conf.o(i.HAL_PCD_SuspendCallback)
    HAL_RCCEx_PeriphCLKConfig                0x08003901   Thumb Code   396  stm32f4xx_hal_rcc_ex.o(i.HAL_RCCEx_PeriphCLKConfig)
    HAL_RCC_ClockConfig                      0x08003aa1   Thumb Code   368  stm32f4xx_hal_rcc.o(i.HAL_RCC_ClockConfig)
    HAL_RCC_GetClockConfig                   0x08003c25   Thumb Code    58  stm32f4xx_hal_rcc.o(i.HAL_RCC_GetClockConfig)
    HAL_RCC_GetHCLKFreq                      0x08003c69   Thumb Code     6  stm32f4xx_hal_rcc.o(i.HAL_RCC_GetHCLKFreq)
    HAL_RCC_GetPCLK1Freq                     0x08003c75   Thumb Code    22  stm32f4xx_hal_rcc.o(i.HAL_RCC_GetPCLK1Freq)
    HAL_RCC_GetPCLK2Freq                     0x08003c95   Thumb Code    22  stm32f4xx_hal_rcc.o(i.HAL_RCC_GetPCLK2Freq)
    HAL_RCC_GetSysClockFreq                  0x08003cb5   Thumb Code   162  stm32f4xx_hal_rcc.o(i.HAL_RCC_GetSysClockFreq)
    HAL_RCC_OscConfig                        0x08003d65   Thumb Code  1172  stm32f4xx_hal_rcc.o(i.HAL_RCC_OscConfig)
    HAL_RTC_Init                             0x08004201   Thumb Code   176  stm32f4xx_hal_rtc.o(i.HAL_RTC_Init)
    HAL_RTC_MspInit                          0x080042b5   Thumb Code    50  rtc.o(i.HAL_RTC_MspInit)
    HAL_RTC_WaitForSynchro                   0x080042f1   Thumb Code    52  stm32f4xx_hal_rtc.o(i.HAL_RTC_WaitForSynchro)
    HAL_SPI_Init                             0x08004329   Thumb Code   200  stm32f4xx_hal_spi.o(i.HAL_SPI_Init)
    HAL_SPI_MspInit                          0x080043f1   Thumb Code   426  spi.o(i.HAL_SPI_MspInit)
    HAL_TIMEx_BreakCallback                  0x080045bd   Thumb Code     2  stm32f4xx_hal_tim_ex.o(i.HAL_TIMEx_BreakCallback)
    HAL_TIMEx_CommutCallback                 0x080045bf   Thumb Code     2  stm32f4xx_hal_tim_ex.o(i.HAL_TIMEx_CommutCallback)
    HAL_TIMEx_MasterConfigSynchronization    0x080045c1   Thumb Code   150  stm32f4xx_hal_tim_ex.o(i.HAL_TIMEx_MasterConfigSynchronization)
    HAL_TIM_Base_Init                        0x08004675   Thumb Code   102  stm32f4xx_hal_tim.o(i.HAL_TIM_Base_Init)
    HAL_TIM_Base_MspInit                     0x080046dd   Thumb Code   168  tim.o(i.HAL_TIM_Base_MspInit)
    HAL_TIM_Base_Start                       0x08004795   Thumb Code   126  stm32f4xx_hal_tim.o(i.HAL_TIM_Base_Start)
    HAL_TIM_Base_Start_IT                    0x08004831   Thumb Code   138  stm32f4xx_hal_tim.o(i.HAL_TIM_Base_Start_IT)
    HAL_TIM_ConfigClockSource                0x080048d9   Thumb Code   268  stm32f4xx_hal_tim.o(i.HAL_TIM_ConfigClockSource)
    HAL_TIM_IC_CaptureCallback               0x080049e5   Thumb Code     2  stm32f4xx_hal_tim.o(i.HAL_TIM_IC_CaptureCallback)
    HAL_TIM_IRQHandler                       0x080049e7   Thumb Code   364  stm32f4xx_hal_tim.o(i.HAL_TIM_IRQHandler)
    HAL_TIM_MspPostInit                      0x08004b55   Thumb Code   228  tim.o(i.HAL_TIM_MspPostInit)
    HAL_TIM_OC_DelayElapsedCallback          0x08004c55   Thumb Code     2  stm32f4xx_hal_tim.o(i.HAL_TIM_OC_DelayElapsedCallback)
    HAL_TIM_PWM_ConfigChannel                0x08004c57   Thumb Code   260  stm32f4xx_hal_tim.o(i.HAL_TIM_PWM_ConfigChannel)
    HAL_TIM_PWM_Init                         0x08004d5b   Thumb Code   102  stm32f4xx_hal_tim.o(i.HAL_TIM_PWM_Init)
    HAL_TIM_PWM_MspInit                      0x08004dc1   Thumb Code     2  stm32f4xx_hal_tim.o(i.HAL_TIM_PWM_MspInit)
    HAL_TIM_PWM_PulseFinishedCallback        0x08004dc3   Thumb Code     2  stm32f4xx_hal_tim.o(i.HAL_TIM_PWM_PulseFinishedCallback)
    HAL_TIM_PWM_Start                        0x08004dc5   Thumb Code   238  stm32f4xx_hal_tim.o(i.HAL_TIM_PWM_Start)
    HAL_TIM_PeriodElapsedCallback            0x08004ed1   Thumb Code    18  main.o(i.HAL_TIM_PeriodElapsedCallback)
    HAL_TIM_TriggerCallback                  0x08004ee9   Thumb Code     2  stm32f4xx_hal_tim.o(i.HAL_TIM_TriggerCallback)
    HAL_UART_Init                            0x08004eeb   Thumb Code   118  stm32f4xx_hal_uart.o(i.HAL_UART_Init)
    HAL_UART_MspInit                         0x08004f61   Thumb Code   510  usart.o(i.HAL_UART_MspInit)
    HAL_UART_Receive_IT                      0x08005189   Thumb Code    44  stm32f4xx_hal_uart.o(i.HAL_UART_Receive_IT)
    HAL_UART_Transmit                        0x080051b5   Thumb Code   190  stm32f4xx_hal_uart.o(i.HAL_UART_Transmit)
    HardFault_Handler                        0x08005273   Thumb Code     4  stm32f4xx_it.o(i.HardFault_Handler)
    MX_ADC1_Init                             0x080052b5   Thumb Code   106  adc.o(i.MX_ADC1_Init)
    MX_ADC3_Init                             0x08005329   Thumb Code   100  adc.o(i.MX_ADC3_Init)
    MX_CAN1_Init                             0x08005399   Thumb Code    58  can.o(i.MX_CAN1_Init)
    MX_CAN2_Init                             0x080053dd   Thumb Code    58  can.o(i.MX_CAN2_Init)
    MX_DMA_Init                              0x08005421   Thumb Code   162  dma.o(i.MX_DMA_Init)
    MX_FREERTOS_Init                         0x080054c9   Thumb Code   126  freertos.o(i.MX_FREERTOS_Init)
    MX_GPIO_Init                             0x08005561   Thumb Code   632  gpio.o(i.MX_GPIO_Init)
    MX_I2C2_Init                             0x080057f5   Thumb Code    48  i2c.o(i.MX_I2C2_Init)
    MX_I2C3_Init                             0x08005831   Thumb Code    48  i2c.o(i.MX_I2C3_Init)
    MX_RTC_Init                              0x0800586d   Thumb Code    42  rtc.o(i.MX_RTC_Init)
    MX_SPI1_Init                             0x080058a1   Thumb Code    62  spi.o(i.MX_SPI1_Init)
    MX_SPI2_Init                             0x080058e9   Thumb Code    56  spi.o(i.MX_SPI2_Init)
    MX_TIM10_Init                            0x08005929   Thumb Code   100  tim.o(i.MX_TIM10_Init)
    MX_TIM2_Init                             0x08005995   Thumb Code   102  tim.o(i.MX_TIM2_Init)
    MX_TIM4_Init                             0x08005a01   Thumb Code   154  tim.o(i.MX_TIM4_Init)
    MX_TIM5_Init                             0x08005aa5   Thumb Code   186  tim.o(i.MX_TIM5_Init)
    MX_USART1_UART_Init                      0x08005b69   Thumb Code    46  usart.o(i.MX_USART1_UART_Init)
    MX_USART6_UART_Init                      0x08005ba1   Thumb Code    46  usart.o(i.MX_USART6_UART_Init)
    MX_USB_DEVICE_Init                       0x08005bd9   Thumb Code    60  usb_device.o(i.MX_USB_DEVICE_Init)
    MemManage_Handler                        0x08005c25   Thumb Code     4  stm32f4xx_it.o(i.MemManage_Handler)
    NMI_Handler                              0x08005c29   Thumb Code     4  stm32f4xx_it.o(i.NMI_Handler)
    OTG_FS_IRQHandler                        0x08005c2d   Thumb Code    10  stm32f4xx_it.o(i.OTG_FS_IRQHandler)
    RTC_EnterInitMode                        0x08005ea7   Thumb Code    74  stm32f4xx_hal_rtc.o(i.RTC_EnterInitMode)
    RTC_ExitInitMode                         0x08005ef1   Thumb Code    46  stm32f4xx_hal_rtc.o(i.RTC_ExitInitMode)
    SEND_ESP                                 0x08005f21   Thumb Code   394  esp32_task.o(i.SEND_ESP)
    StartDefaultTask                         0x080060c7   Thumb Code     8  freertos.o(i.StartDefaultTask)
    SysTick_Handler                          0x080060d1   Thumb Code    46  port.o(i.SysTick_Handler)
    SystemClock_Config                       0x08006105   Thumb Code   176  main.o(i.SystemClock_Config)
    SystemInit                               0x080061bd   Thumb Code    14  system_stm32f4xx.o(i.SystemInit)
    TIM7_IRQHandler                          0x080061d1   Thumb Code    10  stm32f4xx_it.o(i.TIM7_IRQHandler)
    TIM_Base_SetConfig                       0x080061e1   Thumb Code   186  stm32f4xx_hal_tim.o(i.TIM_Base_SetConfig)
    TIM_CCxChannelCmd                        0x080062c9   Thumb Code    34  stm32f4xx_hal_tim.o(i.TIM_CCxChannelCmd)
    TIM_ETR_SetConfig                        0x080062eb   Thumb Code    22  stm32f4xx_hal_tim.o(i.TIM_ETR_SetConfig)
    TIM_OC2_SetConfig                        0x08006385   Thumb Code   114  stm32f4xx_hal_tim.o(i.TIM_OC2_SetConfig)
    UART_Start_Receive_IT                    0x080067c1   Thumb Code    64  stm32f4xx_hal_uart.o(i.UART_Start_Receive_IT)
    USART1_IRQHandler                        0x0800688d   Thumb Code    38  hipnuc_task.o(i.USART1_IRQHandler)
    USART6_IRQHandler                        0x080068c9   Thumb Code     8  esp32_task.o(i.USART6_IRQHandler)
    USBD_CDC_GetDeviceQualifierDescriptor    0x08006b05   Thumb Code    10  usbd_cdc.o(i.USBD_CDC_GetDeviceQualifierDescriptor)
    USBD_CDC_ReceivePacket                   0x08006d85   Thumb Code    74  usbd_cdc.o(i.USBD_CDC_ReceivePacket)
    USBD_CDC_RegisterInterface               0x08006dd5   Thumb Code    24  usbd_cdc.o(i.USBD_CDC_RegisterInterface)
    USBD_CDC_SetRxBuffer                     0x08006ded   Thumb Code    30  usbd_cdc.o(i.USBD_CDC_SetRxBuffer)
    USBD_CDC_SetTxBuffer                     0x08006e0b   Thumb Code    36  usbd_cdc.o(i.USBD_CDC_SetTxBuffer)
    USBD_ClrClassConfig                      0x08006f6f   Thumb Code    28  usbd_core.o(i.USBD_ClrClassConfig)
    USBD_CoreFindEP                          0x08006fc9   Thumb Code     6  usbd_core.o(i.USBD_CoreFindEP)
    USBD_CoreFindIF                          0x08006fcf   Thumb Code     6  usbd_core.o(i.USBD_CoreFindIF)
    USBD_CtlContinueRx                       0x08006fd5   Thumb Code    24  usbd_ioreq.o(i.USBD_CtlContinueRx)
    USBD_CtlContinueSendData                 0x08006fed   Thumb Code    24  usbd_ioreq.o(i.USBD_CtlContinueSendData)
    USBD_CtlError                            0x08007005   Thumb Code    24  usbd_ctlreq.o(i.USBD_CtlError)
    USBD_CtlPrepareRx                        0x0800701d   Thumb Code    40  usbd_ioreq.o(i.USBD_CtlPrepareRx)
    USBD_CtlReceiveStatus                    0x08007045   Thumb Code    26  usbd_ioreq.o(i.USBD_CtlReceiveStatus)
    USBD_CtlSendData                         0x0800705f   Thumb Code    34  usbd_ioreq.o(i.USBD_CtlSendData)
    USBD_CtlSendStatus                       0x08007081   Thumb Code    26  usbd_ioreq.o(i.USBD_CtlSendStatus)
    USBD_FS_ConfigStrDescriptor              0x0800709d   Thumb Code    34  usbd_desc.o(i.USBD_FS_ConfigStrDescriptor)
    USBD_FS_DeviceDescriptor                 0x080070d1   Thumb Code    10  usbd_desc.o(i.USBD_FS_DeviceDescriptor)
    USBD_FS_InterfaceStrDescriptor           0x080070e1   Thumb Code    34  usbd_desc.o(i.USBD_FS_InterfaceStrDescriptor)
    USBD_FS_LangIDStrDescriptor              0x08007119   Thumb Code    10  usbd_desc.o(i.USBD_FS_LangIDStrDescriptor)
    USBD_FS_ManufacturerStrDescriptor        0x08007129   Thumb Code    20  usbd_desc.o(i.USBD_FS_ManufacturerStrDescriptor)
    USBD_FS_ProductStrDescriptor             0x08007155   Thumb Code    34  usbd_desc.o(i.USBD_FS_ProductStrDescriptor)
    USBD_FS_SerialStrDescriptor              0x08007195   Thumb Code    18  usbd_desc.o(i.USBD_FS_SerialStrDescriptor)
    USBD_GetEpDesc                           0x080073ff   Thumb Code    80  usbd_core.o(i.USBD_GetEpDesc)
    USBD_GetNextDesc                         0x08007465   Thumb Code    20  usbd_core.o(i.USBD_GetNextDesc)
    USBD_GetString                           0x080074d3   Thumb Code    84  usbd_ctlreq.o(i.USBD_GetString)
    USBD_Get_USB_Status                      0x08007527   Thumb Code    44  usbd_conf.o(i.USBD_Get_USB_Status)
    USBD_Init                                0x08007553   Thumb Code    58  usbd_core.o(i.USBD_Init)
    USBD_LL_ClearStallEP                     0x0800758d   Thumb Code    38  usbd_conf.o(i.USBD_LL_ClearStallEP)
    USBD_LL_CloseEP                          0x080075b3   Thumb Code    38  usbd_conf.o(i.USBD_LL_CloseEP)
    USBD_LL_DataInStage                      0x080075d9   Thumb Code   264  usbd_core.o(i.USBD_LL_DataInStage)
    USBD_LL_DataOutStage                     0x080076e1   Thumb Code   258  usbd_core.o(i.USBD_LL_DataOutStage)
    USBD_LL_DevConnected                     0x080077e3   Thumb Code     6  usbd_core.o(i.USBD_LL_DevConnected)
    USBD_LL_DevDisconnected                  0x080077e9   Thumb Code    38  usbd_core.o(i.USBD_LL_DevDisconnected)
    USBD_LL_GetRxDataSize                    0x0800780f   Thumb Code    18  usbd_conf.o(i.USBD_LL_GetRxDataSize)
    USBD_LL_Init                             0x08007821   Thumb Code   100  usbd_conf.o(i.USBD_LL_Init)
    USBD_LL_IsStallEP                        0x08007889   Thumb Code    56  usbd_conf.o(i.USBD_LL_IsStallEP)
    USBD_LL_IsoINIncomplete                  0x080078c1   Thumb Code    72  usbd_core.o(i.USBD_LL_IsoINIncomplete)
    USBD_LL_IsoOUTIncomplete                 0x08007909   Thumb Code    72  usbd_core.o(i.USBD_LL_IsoOUTIncomplete)
    USBD_LL_OpenEP                           0x08007951   Thumb Code    48  usbd_conf.o(i.USBD_LL_OpenEP)
    USBD_LL_PrepareReceive                   0x08007981   Thumb Code    48  usbd_conf.o(i.USBD_LL_PrepareReceive)
    USBD_LL_Reset                            0x080079b1   Thumb Code   108  usbd_core.o(i.USBD_LL_Reset)
    USBD_LL_Resume                           0x08007a1d   Thumb Code    22  usbd_core.o(i.USBD_LL_Resume)
    USBD_LL_SOF                              0x08007a33   Thumb Code    40  usbd_core.o(i.USBD_LL_SOF)
    USBD_LL_SetSpeed                         0x08007a5b   Thumb Code     8  usbd_core.o(i.USBD_LL_SetSpeed)
    USBD_LL_SetUSBAddress                    0x08007a63   Thumb Code    38  usbd_conf.o(i.USBD_LL_SetUSBAddress)
    USBD_LL_SetupStage                       0x08007a89   Thumb Code   118  usbd_core.o(i.USBD_LL_SetupStage)
    USBD_LL_StallEP                          0x08007aff   Thumb Code    38  usbd_conf.o(i.USBD_LL_StallEP)
    USBD_LL_Start                            0x08007b25   Thumb Code    30  usbd_conf.o(i.USBD_LL_Start)
    USBD_LL_Suspend                          0x08007b43   Thumb Code    28  usbd_core.o(i.USBD_LL_Suspend)
    USBD_LL_Transmit                         0x08007b5f   Thumb Code    48  usbd_conf.o(i.USBD_LL_Transmit)
    USBD_ParseSetupRequest                   0x08007b8f   Thumb Code    54  usbd_ctlreq.o(i.USBD_ParseSetupRequest)
    USBD_RegisterClass                       0x08007bc5   Thumb Code    72  usbd_core.o(i.USBD_RegisterClass)
    USBD_RunTestMode                         0x08007c0d   Thumb Code     6  usbd_core.o(i.USBD_RunTestMode)
    USBD_SetClassConfig                      0x08007c6d   Thumb Code    32  usbd_core.o(i.USBD_SetClassConfig)
    USBD_Start                               0x08007dc9   Thumb Code    12  usbd_core.o(i.USBD_Start)
    USBD_StdDevReq                           0x08007dd5   Thumb Code   174  usbd_ctlreq.o(i.USBD_StdDevReq)
    USBD_StdEPReq                            0x08007e83   Thumb Code   640  usbd_ctlreq.o(i.USBD_StdEPReq)
    USBD_StdItfReq                           0x08008103   Thumb Code   174  usbd_ctlreq.o(i.USBD_StdItfReq)
    USBD_static_free                         0x080081b1   Thumb Code     2  usbd_conf.o(i.USBD_static_free)
    USBD_static_malloc                       0x080081b5   Thumb Code     6  usbd_conf.o(i.USBD_static_malloc)
    USB_ActivateEndpoint                     0x080081c1   Thumb Code   202  stm32f4xx_ll_usb.o(i.USB_ActivateEndpoint)
    USB_ActivateSetup                        0x08008291   Thumb Code    40  stm32f4xx_ll_usb.o(i.USB_ActivateSetup)
    USB_CoreInit                             0x080082b9   Thumb Code   136  stm32f4xx_ll_usb.o(i.USB_CoreInit)
    USB_DeactivateEndpoint                   0x08008399   Thumb Code   318  stm32f4xx_ll_usb.o(i.USB_DeactivateEndpoint)
    USB_DevConnect                           0x080084e5   Thumb Code    36  stm32f4xx_ll_usb.o(i.USB_DevConnect)
    USB_DevDisconnect                        0x08008509   Thumb Code    36  stm32f4xx_ll_usb.o(i.USB_DevDisconnect)
    USB_DevInit                              0x0800852d   Thumb Code   480  stm32f4xx_ll_usb.o(i.USB_DevInit)
    USB_DisableGlobalInt                     0x08008715   Thumb Code    14  stm32f4xx_ll_usb.o(i.USB_DisableGlobalInt)
    USB_EP0_OutStart                         0x08008725   Thumb Code   106  stm32f4xx_ll_usb.o(i.USB_EP0_OutStart)
    USB_EPClearStall                         0x08008795   Thumb Code   142  stm32f4xx_ll_usb.o(i.USB_EPClearStall)
    USB_EPSetStall                           0x08008823   Thumb Code   154  stm32f4xx_ll_usb.o(i.USB_EPSetStall)
    USB_EPStartXfer                          0x080088bd   Thumb Code   944  stm32f4xx_ll_usb.o(i.USB_EPStartXfer)
    USB_EPStopXfer                           0x08008c71   Thumb Code   236  stm32f4xx_ll_usb.o(i.USB_EPStopXfer)
    USB_EnableGlobalInt                      0x08008d5d   Thumb Code    14  stm32f4xx_ll_usb.o(i.USB_EnableGlobalInt)
    USB_FlushRxFifo                          0x08008d6b   Thumb Code    80  stm32f4xx_ll_usb.o(i.USB_FlushRxFifo)
    USB_FlushTxFifo                          0x08008dbb   Thumb Code    84  stm32f4xx_ll_usb.o(i.USB_FlushTxFifo)
    USB_GetDevSpeed                          0x08008e0f   Thumb Code    38  stm32f4xx_ll_usb.o(i.USB_GetDevSpeed)
    USB_GetMode                              0x08008e35   Thumb Code    10  stm32f4xx_ll_usb.o(i.USB_GetMode)
    USB_ReadDevAllInEpInterrupt              0x08008e3f   Thumb Code    20  stm32f4xx_ll_usb.o(i.USB_ReadDevAllInEpInterrupt)
    USB_ReadDevAllOutEpInterrupt             0x08008e53   Thumb Code    20  stm32f4xx_ll_usb.o(i.USB_ReadDevAllOutEpInterrupt)
    USB_ReadDevInEPInterrupt                 0x08008e67   Thumb Code    50  stm32f4xx_ll_usb.o(i.USB_ReadDevInEPInterrupt)
    USB_ReadDevOutEPInterrupt                0x08008e99   Thumb Code    26  stm32f4xx_ll_usb.o(i.USB_ReadDevOutEPInterrupt)
    USB_ReadInterrupts                       0x08008eb3   Thumb Code    10  stm32f4xx_ll_usb.o(i.USB_ReadInterrupts)
    USB_ReadPacket                           0x08008ebd   Thumb Code    96  stm32f4xx_ll_usb.o(i.USB_ReadPacket)
    USB_SetCurrentMode                       0x08008f1d   Thumb Code   104  stm32f4xx_ll_usb.o(i.USB_SetCurrentMode)
    USB_SetDevAddress                        0x08008f85   Thumb Code    42  stm32f4xx_ll_usb.o(i.USB_SetDevAddress)
    USB_SetDevSpeed                          0x08008faf   Thumb Code    18  stm32f4xx_ll_usb.o(i.USB_SetDevSpeed)
    USB_SetTurnaroundTime                    0x08008fc1   Thumb Code   192  stm32f4xx_ll_usb.o(i.USB_SetTurnaroundTime)
    USB_WritePacket                          0x080090a9   Thumb Code    68  stm32f4xx_ll_usb.o(i.USB_WritePacket)
    UsageFault_Handler                       0x080090ed   Thumb Code     4  stm32f4xx_it.o(i.UsageFault_Handler)
    VMC_calc                                 0x080090f1   Thumb Code  1184  vmc.o(i.VMC_calc)
    VMC_init                                 0x08009595   Thumb Code   226  vmc.o(i.VMC_init)
    PID_t::calc(float, float)                0x080096a1   Thumb Code   522  pid.o(i._ZN5PID_t4calcEff)
    PID_t::init(unsigned char, const float*, float, float) 0x080098b1   Thumb Code    84  pid.o(i._ZN5PID_t4initEhPKfff)
    moveit_t::moveit_init()                  0x08009909   Thumb Code    56  moveit_task.o(i._ZN8moveit_t11moveit_initEv)
    moveit_t::moveit_update()                0x08009941   Thumb Code   450  moveit_task.o(i._ZN8moveit_t13moveit_updateEv)
    moveit_t::moveit_control()               0x08009b39   Thumb Code   186  moveit_task.o(i._ZN8moveit_t14moveit_controlEv)
    moveit_t::moveit_mode_set()              0x08009c05   Thumb Code    24  moveit_task.o(i._ZN8moveit_t15moveit_mode_setEv)
    moveit_t::moveit_t()                     0x08009c21   Thumb Code    50  moveit_task.o(i._ZN8moveit_tC1Ev)
    moveit_t::moveit_t__sub_object()         0x08009c21   Thumb Code     0  moveit_task.o(i._ZN8moveit_tC1Ev)
    std::cos(float)                          0x08009c5d   Thumb Code    24  vmc.o(i._ZSt3cosf)
    std::sin(float)                          0x08009c75   Thumb Code    24  vmc.o(i._ZSt3sinf)
    std::atan(float)                         0x08009c8d   Thumb Code    24  vmc.o(i._ZSt4atanf)
    std::sqrt(float)                         0x08009ca5   Thumb Code    24  vmc.o(i._ZSt4sqrtf)
    __0snprintf                              0x08009cbd   Thumb Code    44  printfa.o(i.__0snprintf)
    __1snprintf                              0x08009cbd   Thumb Code     0  printfa.o(i.__0snprintf)
    __2snprintf                              0x08009cbd   Thumb Code     0  printfa.o(i.__0snprintf)
    __c89snprintf                            0x08009cbd   Thumb Code     0  printfa.o(i.__0snprintf)
    snprintf                                 0x08009cbd   Thumb Code     0  printfa.o(i.__0snprintf)
    __ARM_fpclassifyf                        0x08009ced   Thumb Code    38  fpclassifyf.o(i.__ARM_fpclassifyf)
    __hardfp_atanf                           0x08009d4d   Thumb Code   296  atanf.o(i.__hardfp_atanf)
    __hardfp_cosf                            0x08009ead   Thumb Code   280  cosf.o(i.__hardfp_cosf)
    __hardfp_sinf                            0x08009ffd   Thumb Code   344  sinf.o(i.__hardfp_sinf)
    __hardfp_sqrtf                           0x0800a18d   Thumb Code    58  sqrtf_full.o(i.__hardfp_sqrtf)
    __mathlib_flt_infnan                     0x0800a1c7   Thumb Code     6  funder.o(i.__mathlib_flt_infnan)
    __mathlib_flt_invalid                    0x0800a1cd   Thumb Code    10  funder.o(i.__mathlib_flt_invalid)
    __mathlib_flt_underflow                  0x0800a1dd   Thumb Code    10  funder.o(i.__mathlib_flt_underflow)
    __mathlib_rredf2                         0x0800a1ed   Thumb Code   316  rredf.o(i.__mathlib_rredf2)
    __scatterload_copy                       0x0800a341   Thumb Code    14  handlers.o(i.__scatterload_copy)
    __scatterload_null                       0x0800a34f   Thumb Code     2  handlers.o(i.__scatterload_null)
    __scatterload_zeroinit                   0x0800a351   Thumb Code    14  handlers.o(i.__scatterload_zeroinit)
    __set_errno                              0x0800a361   Thumb Code     6  errno.o(i.__set_errno)
    aRGB_led_show                            0x0800ac45   Thumb Code    82  bsp_led.o(i.aRGB_led_show)
    can_filter_init                          0x0800acad   Thumb Code    84  bsp_can.o(i.can_filter_init)
    esp32_task                               0x0800ad47   Thumb Code    22  esp32_task.o(i.esp32_task)
    get_chassis_motor_measure_point          0x0800ad5d   Thumb Code    14  can_receive.o(i.get_chassis_motor_measure_point)
    get_imu_point                            0x0800ad71   Thumb Code     4  hipnuc_task.o(i.get_imu_point)
    get_moveit_point                         0x0800ad79   Thumb Code     4  moveit_task.o(i.get_moveit_point)
    hipnuc_dump_packet                       0x0800adbd   Thumb Code  3026  hipnuc_dec.o(i.hipnuc_dump_packet)
    hipnuc_input                             0x0800b999   Thumb Code   106  hipnuc_dec.o(i.hipnuc_input)
    hipnuc_task                              0x0800ba05   Thumb Code    66  hipnuc_task.o(i.hipnuc_task)
    main                                     0x0800ba59   Thumb Code   122  main.o(i.main)
    monitor_task                             0x0800bae7   Thumb Code    38  monitor_task.o(i.monitor_task)
    moveit_task                              0x0800bb0d   Thumb Code    72  moveit_task.o(i.moveit_task)
    osDelay                                  0x0800bb59   Thumb Code    24  cmsis_os.o(i.osDelay)
    osKernelStart                            0x0800bb71   Thumb Code    10  cmsis_os.o(i.osKernelStart)
    osThreadCreate                           0x0800bb7b   Thumb Code    94  cmsis_os.o(i.osThreadCreate)
    pvPortMalloc                             0x0800c309   Thumb Code   306  heap_4.o(i.pvPortMalloc)
    pxPortInitialiseStack                    0x0800c455   Thumb Code    38  port.o(i.pxPortInitialiseStack)
    uxListRemove                             0x0800c49d   Thumb Code    40  list.o(i.uxListRemove)
    vApplicationGetIdleTaskMemory            0x0800c4c5   Thumb Code    14  freertos.o(i.vApplicationGetIdleTaskMemory)
    vListInitialise                          0x0800c4dd   Thumb Code    26  list.o(i.vListInitialise)
    vListInitialiseItem                      0x0800c4f7   Thumb Code     6  list.o(i.vListInitialiseItem)
    vListInsert                              0x0800c4fd   Thumb Code    52  list.o(i.vListInsert)
    vListInsertEnd                           0x0800c531   Thumb Code    24  list.o(i.vListInsertEnd)
    vPortEnterCritical                       0x0800c549   Thumb Code    76  port.o(i.vPortEnterCritical)
    vPortExitCritical                        0x0800c59d   Thumb Code    56  port.o(i.vPortExitCritical)
    vPortFree                                0x0800c5d9   Thumb Code   150  heap_4.o(i.vPortFree)
    vPortSetupTimerInterrupt                 0x0800c67d   Thumb Code    36  port.o(i.vPortSetupTimerInterrupt)
    vTaskDelay                               0x0800c6a5   Thumb Code    82  tasks.o(i.vTaskDelay)
    vTaskStartScheduler                      0x0800c701   Thumb Code   146  tasks.o(i.vTaskStartScheduler)
    vTaskSuspendAll                          0x0800c7b1   Thumb Code    12  tasks.o(i.vTaskSuspendAll)
    vTaskSwitchContext                       0x0800c7c1   Thumb Code   118  tasks.o(i.vTaskSwitchContext)
    xPortStartScheduler                      0x0800c84d   Thumb Code   330  port.o(i.xPortStartScheduler)
    xTaskCreate                              0x0800c9b5   Thumb Code   100  tasks.o(i.xTaskCreate)
    xTaskCreateStatic                        0x0800ca19   Thumb Code   186  tasks.o(i.xTaskCreateStatic)
    xTaskIncrementTick                       0x0800cad5   Thumb Code   282  tasks.o(i.xTaskIncrementTick)
    xTaskResumeAll                           0x0800cc1d   Thumb Code   224  tasks.o(i.xTaskResumeAll)
    AHBPrescTable                            0x0800cdb4   Data          16  system_stm32f4xx.o(.constdata)
    APBPrescTable                            0x0800cdc4   Data           8  system_stm32f4xx.o(.constdata)
    sinTable_f32                             0x0800cdfc   Data        2052  arm_common_tables.o(.constdata)
    Region$$Table$$Base                      0x0800d654   Number         0  anon$$obj.o(Region$$Table)
    Region$$Table$$Limit                     0x0800d674   Number         0  anon$$obj.o(Region$$Table)
    SHT$$INIT_ARRAY$$Base                    0x0800d674   Number         0  moveit_task.o(.init_array)
    SHT$$INIT_ARRAY$$Limit                   0x0800d678   Number         0  cpp_init.o(.init_array)
    INSTaskHandle                            0x20000000   Data           4  freertos.o(.data)
    LEDTaskHandle                            0x20000004   Data           4  freertos.o(.data)
    MOVETaskHandle                           0x20000008   Data           4  freertos.o(.data)
    TJCTaskHandle                            0x2000000c   Data           4  freertos.o(.data)
    ESPTaskHandle                            0x20000010   Data           4  freertos.o(.data)
    HIPNUCTaskHandle                         0x20000014   Data           4  freertos.o(.data)
    defaultTaskHandle                        0x20000018   Data           4  freertos.o(.data)
    FS_Desc                                  0x20000020   Data          28  usbd_desc.o(.data)
    USBD_FS_DeviceDesc                       0x2000003c   Data          18  usbd_desc.o(.data)
    USBD_LangIDDesc                          0x20000050   Data           4  usbd_desc.o(.data)
    USBD_StringSerial                        0x20000054   Data          26  usbd_desc.o(.data)
    USBD_Interface_fops_FS                   0x20000070   Data          20  usbd_cdc_if.o(.data)
    uwTick                                   0x20000084   Data           4  stm32f4xx_hal.o(.data)
    uwTickPrio                               0x20000088   Data           4  stm32f4xx_hal.o(.data)
    uwTickFreq                               0x2000008c   Data           1  stm32f4xx_hal.o(.data)
    SystemCoreClock                          0x20000090   Data           4  system_stm32f4xx.o(.data)
    pxCurrentTCB                             0x20000094   Data           4  tasks.o(.data)
    USBD_CDC                                 0x2000010c   Data          56  usbd_cdc.o(.data)
    ch                                       0x20000193   Data           1  hipnuc_task.o(.data)
    hadc1                                    0x20000408   Data          72  adc.o(.bss)
    hadc3                                    0x20000450   Data          72  adc.o(.bss)
    hcan1                                    0x20000498   Data          40  can.o(.bss)
    hcan2                                    0x200004c0   Data          40  can.o(.bss)
    hi2c2                                    0x200004e8   Data          84  i2c.o(.bss)
    hi2c3                                    0x2000053c   Data          84  i2c.o(.bss)
    hrtc                                     0x20000590   Data          32  rtc.o(.bss)
    hspi1                                    0x200005b0   Data          88  spi.o(.bss)
    hspi2                                    0x20000608   Data          88  spi.o(.bss)
    hdma_spi1_rx                             0x20000660   Data          96  spi.o(.bss)
    hdma_spi1_tx                             0x200006c0   Data          96  spi.o(.bss)
    htim2                                    0x20000720   Data          72  tim.o(.bss)
    htim4                                    0x20000768   Data          72  tim.o(.bss)
    htim5                                    0x200007b0   Data          72  tim.o(.bss)
    htim10                                   0x200007f8   Data          72  tim.o(.bss)
    huart1                                   0x20000840   Data          72  usart.o(.bss)
    huart6                                   0x20000888   Data          72  usart.o(.bss)
    hdma_usart1_rx                           0x200008d0   Data          96  usart.o(.bss)
    hdma_usart1_tx                           0x20000930   Data          96  usart.o(.bss)
    hdma_usart6_rx                           0x20000990   Data          96  usart.o(.bss)
    htim7                                    0x200009f0   Data          72  stm32f4xx_hal_timebase_tim.o(.bss)
    hUsbDeviceFS                             0x20000a38   Data         732  usb_device.o(.bss)
    USBD_StrDesc                             0x20000d14   Data         512  usbd_desc.o(.bss)
    UserRxBufferFS                           0x20000f14   Data        2048  usbd_cdc_if.o(.bss)
    UserTxBufferFS                           0x20001714   Data        2048  usbd_cdc_if.o(.bss)
    hpcd_USB_OTG_FS                          0x20001f14   Data        1252  usbd_conf.o(.bss)
    movexy                                   0x20006308   Data          88  moveit_task.o(.bss)
    Send_data                                0x20006360   Data          80  esp32_task.o(.bss)
    hipnuc_raw                               0x200063b0   Data         372  hipnuc_task.o(.bss)
    VMC_LEG_R                                0x20006628   Data         536  vmc.o(.bss)
    VMC_LEG_L                                0x20006840   Data         536  vmc.o(.bss)
    __initial_sp                             0x20006ee8   Data           0  startup_stm32f407xx.o(STACK)



==============================================================================

Memory Map of the image

  Image Entry point : 0x08000189

  Load Region LR_IROM1 (Base: 0x08000000, Size: 0x0000d82c, Max: 0x00100000, ABSOLUTE, COMPRESSED[0x0000d738])

    Execution Region ER_IROM1 (Exec base: 0x08000000, Load base: 0x08000000, Size: 0x0000d678, Max: 0x00100000, ABSOLUTE)

    Exec Addr    Load Addr    Size         Type   Attr      Idx    E Section Name        Object

    0x08000000   0x08000000   0x00000188   Data   RO            3    RESET               startup_stm32f407xx.o
    0x08000188   0x08000188   0x00000000   Code   RO        11120  * .ARM.Collect$$$$00000000  mc_w.l(entry.o)
    0x08000188   0x08000188   0x00000004   Code   RO        11434    .ARM.Collect$$$$00000001  mc_w.l(entry2.o)
    0x0800018c   0x0800018c   0x00000004   Code   RO        11437    .ARM.Collect$$$$00000004  mc_w.l(entry5.o)
    0x08000190   0x08000190   0x00000000   Code   RO        11439    .ARM.Collect$$$$00000008  mc_w.l(entry7b.o)
    0x08000190   0x08000190   0x00000004   Code   RO        11440    .ARM.Collect$$$$00000009  mc_w.l(entry8a.o)
    0x08000194   0x08000194   0x00000000   Code   RO        11441    .ARM.Collect$$$$0000000A  mc_w.l(entry8b.o)
    0x08000194   0x08000194   0x00000008   Code   RO        11442    .ARM.Collect$$$$0000000B  mc_w.l(entry9a.o)
    0x0800019c   0x0800019c   0x00000000   Code   RO        11444    .ARM.Collect$$$$0000000D  mc_w.l(entry10a.o)
    0x0800019c   0x0800019c   0x00000000   Code   RO        11446    .ARM.Collect$$$$0000000F  mc_w.l(entry11a.o)
    0x0800019c   0x0800019c   0x00000004   Code   RO        11435    .ARM.Collect$$$$00002712  mc_w.l(entry2.o)
    0x080001a0   0x080001a0   0x000000be   Code   RO         7806    .emb_text           port.o
    0x0800025e   0x0800025e   0x00000002   PAD
    0x08000260   0x08000260   0x00000024   Code   RO            4    .text               startup_stm32f407xx.o
    0x08000284   0x08000284   0x00000078   Code   RO        10727    .text               arm_cortexM4lf_math.lib(arm_cos_f32.o)
    0x080002fc   0x080002fc   0x00000094   Code   RO        10777    .text               arm_cortexM4lf_math.lib(arm_sin_f32.o)
    0x08000390   0x08000390   0x00000062   Code   RO        11123    .text               mc_w.l(uldiv.o)
    0x080003f2   0x080003f2   0x00000024   Code   RO        11125    .text               mc_w.l(memcpya.o)
    0x08000416   0x08000416   0x00000024   Code   RO        11129    .text               mc_w.l(memseta.o)
    0x0800043a   0x0800043a   0x00000002   PAD
    0x0800043c   0x0800043c   0x00000020   Code   RO        11399    .text               mc_w.l(cpp_init.o)
    0x0800045c   0x0800045c   0x0000014e   Code   RO        11401    .text               mf_w.l(dadd.o)
    0x080005aa   0x080005aa   0x000000e4   Code   RO        11403    .text               mf_w.l(dmul.o)
    0x0800068e   0x0800068e   0x000000de   Code   RO        11405    .text               mf_w.l(ddiv.o)
    0x0800076c   0x0800076c   0x00000022   Code   RO        11407    .text               mf_w.l(dflti.o)
    0x0800078e   0x0800078e   0x0000001a   Code   RO        11409    .text               mf_w.l(dfltui.o)
    0x080007a8   0x080007a8   0x00000026   Code   RO        11411    .text               mf_w.l(f2d.o)
    0x080007ce   0x080007ce   0x00000038   Code   RO        11413    .text               mf_w.l(d2f.o)
    0x08000806   0x08000806   0x0000002c   Code   RO        11449    .text               mc_w.l(uidiv.o)
    0x08000832   0x08000832   0x0000001e   Code   RO        11451    .text               mc_w.l(llshl.o)
    0x08000850   0x08000850   0x00000020   Code   RO        11453    .text               mc_w.l(llushr.o)
    0x08000870   0x08000870   0x00000024   Code   RO        11455    .text               mc_w.l(llsshr.o)
    0x08000894   0x08000894   0x00000000   Code   RO        11464    .text               mc_w.l(iusefp.o)
    0x08000894   0x08000894   0x0000006e   Code   RO        11465    .text               mf_w.l(fepilogue.o)
    0x08000902   0x08000902   0x000000ba   Code   RO        11467    .text               mf_w.l(depilogue.o)
    0x080009bc   0x080009bc   0x00000030   Code   RO        11471    .text               mf_w.l(dfixul.o)
    0x080009ec   0x080009ec   0x00000030   Code   RO        11475    .text               mf_w.l(cdrcmple.o)
    0x08000a1c   0x08000a1c   0x00000024   Code   RO        11477    .text               mc_w.l(init.o)
    0x08000a40   0x08000a40   0x00000056   Code   RO        11487    .text               mc_w.l(__dczerorl2.o)
    0x08000a96   0x08000a96   0x00000002   PAD
    0x08000a98   0x08000a98   0x00000160   Code   RO         3392    i.ADC_Init          stm32f4xx_hal_adc.o
    0x08000bf8   0x08000bf8   0x00000004   Code   RO          995    i.BusFault_Handler  stm32f4xx_it.o
    0x08000bfc   0x08000bfc   0x00000010   Code   RO          996    i.CAN1_RX0_IRQHandler  stm32f4xx_it.o
    0x08000c0c   0x08000c0c   0x00000010   Code   RO          997    i.CAN2_RX0_IRQHandler  stm32f4xx_it.o
    0x08000c1c   0x08000c1c   0x00000050   Code   RO        10528    i.CAN_cmd_chassis   can_receive.o
    0x08000c6c   0x08000c6c   0x00000044   Code   RO         1341    i.CDC_Control_FS    usbd_cdc_if.o
    0x08000cb0   0x08000cb0   0x00000004   Code   RO         1342    i.CDC_DeInit_FS     usbd_cdc_if.o
    0x08000cb4   0x08000cb4   0x00000024   Code   RO         1343    i.CDC_Init_FS       usbd_cdc_if.o
    0x08000cd8   0x08000cd8   0x0000001c   Code   RO         1344    i.CDC_Receive_FS    usbd_cdc_if.o
    0x08000cf4   0x08000cf4   0x0000000c   Code   RO         1345    i.CDC_TransmitCplt_FS  usbd_cdc_if.o
    0x08000d00   0x08000d00   0x00000002   Code   RO          998    i.DMA1_Stream1_IRQHandler  stm32f4xx_it.o
    0x08000d02   0x08000d02   0x00000002   PAD
    0x08000d04   0x08000d04   0x00000010   Code   RO          999    i.DMA2_Stream1_IRQHandler  stm32f4xx_it.o
    0x08000d14   0x08000d14   0x00000010   Code   RO         1000    i.DMA2_Stream3_IRQHandler  stm32f4xx_it.o
    0x08000d24   0x08000d24   0x00000010   Code   RO         1001    i.DMA2_Stream5_IRQHandler  stm32f4xx_it.o
    0x08000d34   0x08000d34   0x00000010   Code   RO         1002    i.DMA2_Stream7_IRQHandler  stm32f4xx_it.o
    0x08000d44   0x08000d44   0x00000034   Code   RO         2705    i.DMA_CalcBaseAndBitshift  stm32f4xx_hal_dma.o
    0x08000d78   0x08000d78   0x000000aa   Code   RO         2706    i.DMA_CheckFifoParam  stm32f4xx_hal_dma.o
    0x08000e22   0x08000e22   0x00000002   Code   RO         1003    i.DebugMon_Handler  stm32f4xx_it.o
    0x08000e24   0x08000e24   0x0000000a   Code   RO         1004    i.EXTI0_IRQHandler  stm32f4xx_it.o
    0x08000e2e   0x08000e2e   0x0000000a   Code   RO         1005    i.EXTI3_IRQHandler  stm32f4xx_it.o
    0x08000e38   0x08000e38   0x0000000a   Code   RO         1006    i.EXTI4_IRQHandler  stm32f4xx_it.o
    0x08000e42   0x08000e42   0x0000000a   Code   RO         1007    i.EXTI9_5_IRQHandler  stm32f4xx_it.o
    0x08000e4c   0x08000e4c   0x00000006   Code   RO           13    i.Error_Handler     main.o
    0x08000e52   0x08000e52   0x00000002   PAD
    0x08000e54   0x08000e54   0x0000034c   Code   RO        10368    i.Forward_kinematics_R  vmc.o
    0x080011a0   0x080011a0   0x00000024   Code   RO         1251    i.Get_SerialNum     usbd_desc.o
    0x080011c4   0x080011c4   0x0000018c   Code   RO         3394    i.HAL_ADC_ConfigChannel  stm32f4xx_hal_adc.o
    0x08001350   0x08001350   0x00000068   Code   RO         3403    i.HAL_ADC_Init      stm32f4xx_hal_adc.o
    0x080013b8   0x080013b8   0x000000ac   Code   RO          620    i.HAL_ADC_MspInit   adc.o
    0x08001464   0x08001464   0x0000002a   Code   RO         3668    i.HAL_CAN_ActivateNotification  stm32f4xx_hal_can.o
    0x0800148e   0x0800148e   0x0000014a   Code   RO         3669    i.HAL_CAN_AddTxMessage  stm32f4xx_hal_can.o
    0x080015d8   0x080015d8   0x00000124   Code   RO         3670    i.HAL_CAN_ConfigFilter  stm32f4xx_hal_can.o
    0x080016fc   0x080016fc   0x00000002   Code   RO         3673    i.HAL_CAN_ErrorCallback  stm32f4xx_hal_can.o
    0x080016fe   0x080016fe   0x00000194   Code   RO         3676    i.HAL_CAN_GetRxMessage  stm32f4xx_hal_can.o
    0x08001892   0x08001892   0x0000024e   Code   RO         3680    i.HAL_CAN_IRQHandler  stm32f4xx_hal_can.o
    0x08001ae0   0x08001ae0   0x00000174   Code   RO         3681    i.HAL_CAN_Init      stm32f4xx_hal_can.o
    0x08001c54   0x08001c54   0x00000160   Code   RO          668    i.HAL_CAN_MspInit   can.o
    0x08001db4   0x08001db4   0x00000002   Code   RO         3688    i.HAL_CAN_RxFifo0FullCallback  stm32f4xx_hal_can.o
    0x08001db6   0x08001db6   0x00000002   PAD
    0x08001db8   0x08001db8   0x00000274   Code   RO        10531    i.HAL_CAN_RxFifo0MsgPendingCallback  can_receive.o
    0x0800202c   0x0800202c   0x00000002   Code   RO         3690    i.HAL_CAN_RxFifo1FullCallback  stm32f4xx_hal_can.o
    0x0800202e   0x0800202e   0x00000002   Code   RO         3691    i.HAL_CAN_RxFifo1MsgPendingCallback  stm32f4xx_hal_can.o
    0x08002030   0x08002030   0x00000002   Code   RO         3692    i.HAL_CAN_SleepCallback  stm32f4xx_hal_can.o
    0x08002032   0x08002032   0x0000005e   Code   RO         3693    i.HAL_CAN_Start     stm32f4xx_hal_can.o
    0x08002090   0x08002090   0x00000002   Code   RO         3695    i.HAL_CAN_TxMailbox0AbortCallback  stm32f4xx_hal_can.o
    0x08002092   0x08002092   0x00000002   Code   RO         3696    i.HAL_CAN_TxMailbox0CompleteCallback  stm32f4xx_hal_can.o
    0x08002094   0x08002094   0x00000002   Code   RO         3697    i.HAL_CAN_TxMailbox1AbortCallback  stm32f4xx_hal_can.o
    0x08002096   0x08002096   0x00000002   Code   RO         3698    i.HAL_CAN_TxMailbox1CompleteCallback  stm32f4xx_hal_can.o
    0x08002098   0x08002098   0x00000002   Code   RO         3699    i.HAL_CAN_TxMailbox2AbortCallback  stm32f4xx_hal_can.o
    0x0800209a   0x0800209a   0x00000002   Code   RO         3700    i.HAL_CAN_TxMailbox2CompleteCallback  stm32f4xx_hal_can.o
    0x0800209c   0x0800209c   0x00000002   Code   RO         3702    i.HAL_CAN_WakeUpFromRxMsgCallback  stm32f4xx_hal_can.o
    0x0800209e   0x0800209e   0x00000002   PAD
    0x080020a0   0x080020a0   0x00000240   Code   RO         2713    i.HAL_DMA_IRQHandler  stm32f4xx_hal_dma.o
    0x080022e0   0x080022e0   0x000000ec   Code   RO         2714    i.HAL_DMA_Init      stm32f4xx_hal_dma.o
    0x080023cc   0x080023cc   0x00000028   Code   RO         3138    i.HAL_Delay         stm32f4xx_hal.o
    0x080023f4   0x080023f4   0x00000002   Code   RO         2599    i.HAL_GPIO_EXTI_Callback  stm32f4xx_hal_gpio.o
    0x080023f6   0x080023f6   0x00000002   PAD
    0x080023f8   0x080023f8   0x0000001c   Code   RO         2600    i.HAL_GPIO_EXTI_IRQHandler  stm32f4xx_hal_gpio.o
    0x08002414   0x08002414   0x000001f4   Code   RO         2601    i.HAL_GPIO_Init     stm32f4xx_hal_gpio.o
    0x08002608   0x08002608   0x00000010   Code   RO         2603    i.HAL_GPIO_ReadPin  stm32f4xx_hal_gpio.o
    0x08002618   0x08002618   0x0000000c   Code   RO         2605    i.HAL_GPIO_WritePin  stm32f4xx_hal_gpio.o
    0x08002624   0x08002624   0x0000000c   Code   RO         3144    i.HAL_GetTick       stm32f4xx_hal.o
    0x08002630   0x08002630   0x000001d0   Code   RO         3912    i.HAL_I2C_Init      stm32f4xx_hal_i2c.o
    0x08002800   0x08002800   0x00000138   Code   RO          744    i.HAL_I2C_MspInit   i2c.o
    0x08002938   0x08002938   0x00000018   Code   RO         3150    i.HAL_IncTick       stm32f4xx_hal.o
    0x08002950   0x08002950   0x0000003c   Code   RO         3151    i.HAL_Init          stm32f4xx_hal.o
    0x0800298c   0x0800298c   0x000000b4   Code   RO         1155    i.HAL_InitTick      stm32f4xx_hal_timebase_tim.o
    0x08002a40   0x08002a40   0x00000054   Code   RO         1131    i.HAL_MspInit       stm32f4xx_hal_msp.o
    0x08002a94   0x08002a94   0x00000028   Code   RO         2991    i.HAL_NVIC_EnableIRQ  stm32f4xx_hal_cortex.o
    0x08002abc   0x08002abc   0x0000007c   Code   RO         2997    i.HAL_NVIC_SetPriority  stm32f4xx_hal_cortex.o
    0x08002b38   0x08002b38   0x00000028   Code   RO         2998    i.HAL_NVIC_SetPriorityGrouping  stm32f4xx_hal_cortex.o
    0x08002b60   0x08002b60   0x00000002   Code   RO         1849    i.HAL_PCDEx_LPM_Callback  stm32f4xx_hal_pcd_ex.o
    0x08002b62   0x08002b62   0x0000000a   Code   RO         1850    i.HAL_PCDEx_SetRxFiFo  stm32f4xx_hal_pcd_ex.o
    0x08002b6c   0x08002b6c   0x0000004e   Code   RO         1851    i.HAL_PCDEx_SetTxFiFo  stm32f4xx_hal_pcd_ex.o
    0x08002bba   0x08002bba   0x0000000e   Code   RO         1398    i.HAL_PCD_ConnectCallback  usbd_conf.o
    0x08002bc8   0x08002bc8   0x00000020   Code   RO         1399    i.HAL_PCD_DataInStageCallback  usbd_conf.o
    0x08002be8   0x08002be8   0x00000020   Code   RO         1400    i.HAL_PCD_DataOutStageCallback  usbd_conf.o
    0x08002c08   0x08002c08   0x0000000e   Code   RO         1401    i.HAL_PCD_DisconnectCallback  usbd_conf.o
    0x08002c16   0x08002c16   0x00000042   Code   RO         1614    i.HAL_PCD_EP_Abort  stm32f4xx_hal_pcd.o
    0x08002c58   0x08002c58   0x0000006a   Code   RO         1615    i.HAL_PCD_EP_Close  stm32f4xx_hal_pcd.o
    0x08002cc2   0x08002cc2   0x0000007c   Code   RO         1616    i.HAL_PCD_EP_ClrStall  stm32f4xx_hal_pcd.o
    0x08002d3e   0x08002d3e   0x00000016   Code   RO         1618    i.HAL_PCD_EP_GetRxCount  stm32f4xx_hal_pcd.o
    0x08002d54   0x08002d54   0x0000008c   Code   RO         1619    i.HAL_PCD_EP_Open   stm32f4xx_hal_pcd.o
    0x08002de0   0x08002de0   0x00000046   Code   RO         1620    i.HAL_PCD_EP_Receive  stm32f4xx_hal_pcd.o
    0x08002e26   0x08002e26   0x0000008a   Code   RO         1621    i.HAL_PCD_EP_SetStall  stm32f4xx_hal_pcd.o
    0x08002eb0   0x08002eb0   0x00000048   Code   RO         1622    i.HAL_PCD_EP_Transmit  stm32f4xx_hal_pcd.o
    0x08002ef8   0x08002ef8   0x000006ca   Code   RO         1624    i.HAL_PCD_IRQHandler  stm32f4xx_hal_pcd.o
    0x080035c2   0x080035c2   0x00000012   Code   RO         1402    i.HAL_PCD_ISOINIncompleteCallback  usbd_conf.o
    0x080035d4   0x080035d4   0x00000012   Code   RO         1403    i.HAL_PCD_ISOOUTIncompleteCallback  usbd_conf.o
    0x080035e6   0x080035e6   0x0000015e   Code   RO         1627    i.HAL_PCD_Init      stm32f4xx_hal_pcd.o
    0x08003744   0x08003744   0x000000a8   Code   RO         1405    i.HAL_PCD_MspInit   usbd_conf.o
    0x080037ec   0x080037ec   0x00000030   Code   RO         1406    i.HAL_PCD_ResetCallback  usbd_conf.o
    0x0800381c   0x0800381c   0x0000000e   Code   RO         1407    i.HAL_PCD_ResumeCallback  usbd_conf.o
    0x0800382a   0x0800382a   0x0000000e   Code   RO         1408    i.HAL_PCD_SOFCallback  usbd_conf.o
    0x08003838   0x08003838   0x00000034   Code   RO         1633    i.HAL_PCD_SetAddress  stm32f4xx_hal_pcd.o
    0x0800386c   0x0800386c   0x00000012   Code   RO         1409    i.HAL_PCD_SetupStageCallback  usbd_conf.o
    0x0800387e   0x0800387e   0x0000004c   Code   RO         1636    i.HAL_PCD_Start     stm32f4xx_hal_pcd.o
    0x080038ca   0x080038ca   0x00000002   PAD
    0x080038cc   0x080038cc   0x00000034   Code   RO         1410    i.HAL_PCD_SuspendCallback  usbd_conf.o
    0x08003900   0x08003900   0x000001a0   Code   RO         2307    i.HAL_RCCEx_PeriphCLKConfig  stm32f4xx_hal_rcc_ex.o
    0x08003aa0   0x08003aa0   0x00000184   Code   RO         2202    i.HAL_RCC_ClockConfig  stm32f4xx_hal_rcc.o
    0x08003c24   0x08003c24   0x00000044   Code   RO         2206    i.HAL_RCC_GetClockConfig  stm32f4xx_hal_rcc.o
    0x08003c68   0x08003c68   0x0000000c   Code   RO         2207    i.HAL_RCC_GetHCLKFreq  stm32f4xx_hal_rcc.o
    0x08003c74   0x08003c74   0x00000020   Code   RO         2209    i.HAL_RCC_GetPCLK1Freq  stm32f4xx_hal_rcc.o
    0x08003c94   0x08003c94   0x00000020   Code   RO         2210    i.HAL_RCC_GetPCLK2Freq  stm32f4xx_hal_rcc.o
    0x08003cb4   0x08003cb4   0x000000b0   Code   RO         2211    i.HAL_RCC_GetSysClockFreq  stm32f4xx_hal_rcc.o
    0x08003d64   0x08003d64   0x0000049c   Code   RO         2214    i.HAL_RCC_OscConfig  stm32f4xx_hal_rcc.o
    0x08004200   0x08004200   0x000000b4   Code   RO         4409    i.HAL_RTC_Init      stm32f4xx_hal_rtc.o
    0x080042b4   0x080042b4   0x0000003c   Code   RO          792    i.HAL_RTC_MspInit   rtc.o
    0x080042f0   0x080042f0   0x00000038   Code   RO         4417    i.HAL_RTC_WaitForSynchro  stm32f4xx_hal_rtc.o
    0x08004328   0x08004328   0x000000c8   Code   RO         4809    i.HAL_SPI_Init      stm32f4xx_hal_spi.o
    0x080043f0   0x080043f0   0x000001cc   Code   RO          834    i.HAL_SPI_MspInit   spi.o
    0x080045bc   0x080045bc   0x00000002   Code   RO         5837    i.HAL_TIMEx_BreakCallback  stm32f4xx_hal_tim_ex.o
    0x080045be   0x080045be   0x00000002   Code   RO         5838    i.HAL_TIMEx_CommutCallback  stm32f4xx_hal_tim_ex.o
    0x080045c0   0x080045c0   0x000000b4   Code   RO         5856    i.HAL_TIMEx_MasterConfigSynchronization  stm32f4xx_hal_tim_ex.o
    0x08004674   0x08004674   0x00000066   Code   RO         5122    i.HAL_TIM_Base_Init  stm32f4xx_hal_tim.o
    0x080046da   0x080046da   0x00000002   PAD
    0x080046dc   0x080046dc   0x000000b8   Code   RO          882    i.HAL_TIM_Base_MspInit  tim.o
    0x08004794   0x08004794   0x0000009c   Code   RO         5125    i.HAL_TIM_Base_Start  stm32f4xx_hal_tim.o
    0x08004830   0x08004830   0x000000a8   Code   RO         5127    i.HAL_TIM_Base_Start_IT  stm32f4xx_hal_tim.o
    0x080048d8   0x080048d8   0x0000010c   Code   RO         5131    i.HAL_TIM_ConfigClockSource  stm32f4xx_hal_tim.o
    0x080049e4   0x080049e4   0x00000002   Code   RO         5156    i.HAL_TIM_IC_CaptureCallback  stm32f4xx_hal_tim.o
    0x080049e6   0x080049e6   0x0000016c   Code   RO         5170    i.HAL_TIM_IRQHandler  stm32f4xx_hal_tim.o
    0x08004b52   0x08004b52   0x00000002   PAD
    0x08004b54   0x08004b54   0x00000100   Code   RO          883    i.HAL_TIM_MspPostInit  tim.o
    0x08004c54   0x08004c54   0x00000002   Code   RO         5173    i.HAL_TIM_OC_DelayElapsedCallback  stm32f4xx_hal_tim.o
    0x08004c56   0x08004c56   0x00000104   Code   RO         5194    i.HAL_TIM_PWM_ConfigChannel  stm32f4xx_hal_tim.o
    0x08004d5a   0x08004d5a   0x00000066   Code   RO         5197    i.HAL_TIM_PWM_Init  stm32f4xx_hal_tim.o
    0x08004dc0   0x08004dc0   0x00000002   Code   RO         5199    i.HAL_TIM_PWM_MspInit  stm32f4xx_hal_tim.o
    0x08004dc2   0x08004dc2   0x00000002   Code   RO         5200    i.HAL_TIM_PWM_PulseFinishedCallback  stm32f4xx_hal_tim.o
    0x08004dc4   0x08004dc4   0x0000010c   Code   RO         5202    i.HAL_TIM_PWM_Start  stm32f4xx_hal_tim.o
    0x08004ed0   0x08004ed0   0x00000018   Code   RO           14    i.HAL_TIM_PeriodElapsedCallback  main.o
    0x08004ee8   0x08004ee8   0x00000002   Code   RO         5213    i.HAL_TIM_TriggerCallback  stm32f4xx_hal_tim.o
    0x08004eea   0x08004eea   0x00000076   Code   RO         6134    i.HAL_UART_Init     stm32f4xx_hal_uart.o
    0x08004f60   0x08004f60   0x00000228   Code   RO          948    i.HAL_UART_MspInit  usart.o
    0x08005188   0x08005188   0x0000002c   Code   RO         6139    i.HAL_UART_Receive_IT  stm32f4xx_hal_uart.o
    0x080051b4   0x080051b4   0x000000be   Code   RO         6142    i.HAL_UART_Transmit  stm32f4xx_hal_uart.o
    0x08005272   0x08005272   0x00000004   Code   RO         1008    i.HardFault_Handler  stm32f4xx_it.o
    0x08005276   0x08005276   0x0000003e   Code   RO         1252    i.IntToUnicode      usbd_desc.o
    0x080052b4   0x080052b4   0x00000074   Code   RO          621    i.MX_ADC1_Init      adc.o
    0x08005328   0x08005328   0x00000070   Code   RO          622    i.MX_ADC3_Init      adc.o
    0x08005398   0x08005398   0x00000044   Code   RO          669    i.MX_CAN1_Init      can.o
    0x080053dc   0x080053dc   0x00000044   Code   RO          670    i.MX_CAN2_Init      can.o
    0x08005420   0x08005420   0x000000a8   Code   RO          716    i.MX_DMA_Init       dma.o
    0x080054c8   0x080054c8   0x00000098   Code   RO          453    i.MX_FREERTOS_Init  freertos.o
    0x08005560   0x08005560   0x00000294   Code   RO          300    i.MX_GPIO_Init      gpio.o
    0x080057f4   0x080057f4   0x0000003c   Code   RO          745    i.MX_I2C2_Init      i2c.o
    0x08005830   0x08005830   0x0000003c   Code   RO          746    i.MX_I2C3_Init      i2c.o
    0x0800586c   0x0800586c   0x00000034   Code   RO          793    i.MX_RTC_Init       rtc.o
    0x080058a0   0x080058a0   0x00000048   Code   RO          835    i.MX_SPI1_Init      spi.o
    0x080058e8   0x080058e8   0x00000040   Code   RO          836    i.MX_SPI2_Init      spi.o
    0x08005928   0x08005928   0x0000006c   Code   RO          884    i.MX_TIM10_Init     tim.o
    0x08005994   0x08005994   0x0000006c   Code   RO          885    i.MX_TIM2_Init      tim.o
    0x08005a00   0x08005a00   0x000000a4   Code   RO          886    i.MX_TIM4_Init      tim.o
    0x08005aa4   0x08005aa4   0x000000c4   Code   RO          887    i.MX_TIM5_Init      tim.o
    0x08005b68   0x08005b68   0x00000038   Code   RO          949    i.MX_USART1_UART_Init  usart.o
    0x08005ba0   0x08005ba0   0x00000038   Code   RO          950    i.MX_USART6_UART_Init  usart.o
    0x08005bd8   0x08005bd8   0x0000004c   Code   RO         1194    i.MX_USB_DEVICE_Init  usb_device.o
    0x08005c24   0x08005c24   0x00000004   Code   RO         1009    i.MemManage_Handler  stm32f4xx_it.o
    0x08005c28   0x08005c28   0x00000004   Code   RO         1010    i.NMI_Handler       stm32f4xx_it.o
    0x08005c2c   0x08005c2c   0x00000010   Code   RO         1011    i.OTG_FS_IRQHandler  stm32f4xx_it.o
    0x08005c3c   0x08005c3c   0x00000064   Code   RO         1640    i.PCD_EP_OutSetupPacket_int  stm32f4xx_hal_pcd.o
    0x08005ca0   0x08005ca0   0x00000144   Code   RO         1641    i.PCD_EP_OutXfrComplete_int  stm32f4xx_hal_pcd.o
    0x08005de4   0x08005de4   0x000000b6   Code   RO         1642    i.PCD_WriteEmptyTxFifo  stm32f4xx_hal_pcd.o
    0x08005e9a   0x08005e9a   0x0000000c   Code   RO        10673    i.R4                hipnuc_dec.o
    0x08005ea6   0x08005ea6   0x0000004a   Code   RO         4420    i.RTC_EnterInitMode  stm32f4xx_hal_rtc.o
    0x08005ef0   0x08005ef0   0x0000002e   Code   RO         4421    i.RTC_ExitInitMode  stm32f4xx_hal_rtc.o
    0x08005f1e   0x08005f1e   0x00000002   PAD
    0x08005f20   0x08005f20   0x00000194   Code   RO        10242    i.SEND_ESP          esp32_task.o
    0x080060b4   0x080060b4   0x00000012   Code   RO         8048    i.SWAPBYTE          usbd_ctlreq.o
    0x080060c6   0x080060c6   0x00000008   Code   RO          454    i.StartDefaultTask  freertos.o
    0x080060ce   0x080060ce   0x00000002   PAD
    0x080060d0   0x080060d0   0x00000034   Code   RO         7807    i.SysTick_Handler   port.o
    0x08006104   0x08006104   0x000000b8   Code   RO           15    i.SystemClock_Config  main.o
    0x080061bc   0x080061bc   0x00000014   Code   RO         6478    i.SystemInit        system_stm32f4xx.o
    0x080061d0   0x080061d0   0x00000010   Code   RO         1012    i.TIM7_IRQHandler   stm32f4xx_it.o
    0x080061e0   0x080061e0   0x000000e8   Code   RO         5215    i.TIM_Base_SetConfig  stm32f4xx_hal_tim.o
    0x080062c8   0x080062c8   0x00000022   Code   RO         5216    i.TIM_CCxChannelCmd  stm32f4xx_hal_tim.o
    0x080062ea   0x080062ea   0x00000016   Code   RO         5226    i.TIM_ETR_SetConfig  stm32f4xx_hal_tim.o
    0x08006300   0x08006300   0x00000012   Code   RO         5227    i.TIM_ITRx_SetConfig  stm32f4xx_hal_tim.o
    0x08006312   0x08006312   0x00000002   PAD
    0x08006314   0x08006314   0x00000070   Code   RO         5228    i.TIM_OC1_SetConfig  stm32f4xx_hal_tim.o
    0x08006384   0x08006384   0x0000007c   Code   RO         5229    i.TIM_OC2_SetConfig  stm32f4xx_hal_tim.o
    0x08006400   0x08006400   0x00000078   Code   RO         5230    i.TIM_OC3_SetConfig  stm32f4xx_hal_tim.o
    0x08006478   0x08006478   0x00000054   Code   RO         5231    i.TIM_OC4_SetConfig  stm32f4xx_hal_tim.o
    0x080064cc   0x080064cc   0x00000026   Code   RO         5233    i.TIM_TI1_ConfigInputStage  stm32f4xx_hal_tim.o
    0x080064f2   0x080064f2   0x00000028   Code   RO         5235    i.TIM_TI2_ConfigInputStage  stm32f4xx_hal_tim.o
    0x0800651a   0x0800651a   0x0000000e   Code   RO        10674    i.U2                hipnuc_dec.o
    0x08006528   0x08006528   0x0000006c   Code   RO         6157    i.UART_EndRxTransfer  stm32f4xx_hal_uart.o
    0x08006594   0x08006594   0x0000022c   Code   RO         6161    i.UART_SetConfig    stm32f4xx_hal_uart.o
    0x080067c0   0x080067c0   0x00000040   Code   RO         6163    i.UART_Start_Receive_IT  stm32f4xx_hal_uart.o
    0x08006800   0x08006800   0x0000008c   Code   RO         6165    i.UART_WaitOnFlagUntilTimeout  stm32f4xx_hal_uart.o
    0x0800688c   0x0800688c   0x0000003c   Code   RO        10315    i.USART1_IRQHandler  hipnuc_task.o
    0x080068c8   0x080068c8   0x0000000c   Code   RO        10243    i.USART6_IRQHandler  esp32_task.o
    0x080068d4   0x080068d4   0x000000c4   Code   RO         8211    i.USBD_CDC_DataIn   usbd_cdc.o
    0x08006998   0x08006998   0x00000048   Code   RO         8212    i.USBD_CDC_DataOut  usbd_cdc.o
    0x080069e0   0x080069e0   0x000000d4   Code   RO         8213    i.USBD_CDC_DeInit   usbd_cdc.o
    0x08006ab4   0x08006ab4   0x00000050   Code   RO         8214    i.USBD_CDC_EP0_RxReady  usbd_cdc.o
    0x08006b04   0x08006b04   0x00000010   Code   RO         8215    i.USBD_CDC_GetDeviceQualifierDescriptor  usbd_cdc.o
    0x08006b14   0x08006b14   0x00000044   Code   RO         8216    i.USBD_CDC_GetFSCfgDesc  usbd_cdc.o
    0x08006b58   0x08006b58   0x00000048   Code   RO         8217    i.USBD_CDC_GetHSCfgDesc  usbd_cdc.o
    0x08006ba0   0x08006ba0   0x00000044   Code   RO         8218    i.USBD_CDC_GetOtherSpeedCfgDesc  usbd_cdc.o
    0x08006be4   0x08006be4   0x000001a0   Code   RO         8219    i.USBD_CDC_Init     usbd_cdc.o
    0x08006d84   0x08006d84   0x00000050   Code   RO         8220    i.USBD_CDC_ReceivePacket  usbd_cdc.o
    0x08006dd4   0x08006dd4   0x00000018   Code   RO         8221    i.USBD_CDC_RegisterInterface  usbd_cdc.o
    0x08006dec   0x08006dec   0x0000001e   Code   RO         8222    i.USBD_CDC_SetRxBuffer  usbd_cdc.o
    0x08006e0a   0x08006e0a   0x00000024   Code   RO         8223    i.USBD_CDC_SetTxBuffer  usbd_cdc.o
    0x08006e2e   0x08006e2e   0x00000140   Code   RO         8224    i.USBD_CDC_Setup    usbd_cdc.o
    0x08006f6e   0x08006f6e   0x0000001c   Code   RO         7886    i.USBD_ClrClassConfig  usbd_core.o
    0x08006f8a   0x08006f8a   0x0000003e   Code   RO         8049    i.USBD_ClrFeature   usbd_ctlreq.o
    0x08006fc8   0x08006fc8   0x00000006   Code   RO         7887    i.USBD_CoreFindEP   usbd_core.o
    0x08006fce   0x08006fce   0x00000006   Code   RO         7888    i.USBD_CoreFindIF   usbd_core.o
    0x08006fd4   0x08006fd4   0x00000018   Code   RO         8151    i.USBD_CtlContinueRx  usbd_ioreq.o
    0x08006fec   0x08006fec   0x00000018   Code   RO         8152    i.USBD_CtlContinueSendData  usbd_ioreq.o
    0x08007004   0x08007004   0x00000018   Code   RO         8050    i.USBD_CtlError     usbd_ctlreq.o
    0x0800701c   0x0800701c   0x00000028   Code   RO         8153    i.USBD_CtlPrepareRx  usbd_ioreq.o
    0x08007044   0x08007044   0x0000001a   Code   RO         8154    i.USBD_CtlReceiveStatus  usbd_ioreq.o
    0x0800705e   0x0800705e   0x00000022   Code   RO         8155    i.USBD_CtlSendData  usbd_ioreq.o
    0x08007080   0x08007080   0x0000001a   Code   RO         8156    i.USBD_CtlSendStatus  usbd_ioreq.o
    0x0800709a   0x0800709a   0x00000002   PAD
    0x0800709c   0x0800709c   0x00000034   Code   RO         1253    i.USBD_FS_ConfigStrDescriptor  usbd_desc.o
    0x080070d0   0x080070d0   0x00000010   Code   RO         1254    i.USBD_FS_DeviceDescriptor  usbd_desc.o
    0x080070e0   0x080070e0   0x00000038   Code   RO         1255    i.USBD_FS_InterfaceStrDescriptor  usbd_desc.o
    0x08007118   0x08007118   0x00000010   Code   RO         1256    i.USBD_FS_LangIDStrDescriptor  usbd_desc.o
    0x08007128   0x08007128   0x0000002c   Code   RO         1257    i.USBD_FS_ManufacturerStrDescriptor  usbd_desc.o
    0x08007154   0x08007154   0x00000040   Code   RO         1258    i.USBD_FS_ProductStrDescriptor  usbd_desc.o
    0x08007194   0x08007194   0x00000018   Code   RO         1259    i.USBD_FS_SerialStrDescriptor  usbd_desc.o
    0x080071ac   0x080071ac   0x00000056   Code   RO         8051    i.USBD_GetConfig    usbd_ctlreq.o
    0x08007202   0x08007202   0x000001fc   Code   RO         8052    i.USBD_GetDescriptor  usbd_ctlreq.o
    0x080073fe   0x080073fe   0x00000050   Code   RO         7890    i.USBD_GetEpDesc    usbd_core.o
    0x0800744e   0x0800744e   0x00000016   Code   RO         8053    i.USBD_GetLen       usbd_ctlreq.o
    0x08007464   0x08007464   0x00000014   Code   RO         7891    i.USBD_GetNextDesc  usbd_core.o
    0x08007478   0x08007478   0x0000005a   Code   RO         8054    i.USBD_GetStatus    usbd_ctlreq.o
    0x080074d2   0x080074d2   0x00000054   Code   RO         8055    i.USBD_GetString    usbd_ctlreq.o
    0x08007526   0x08007526   0x0000002c   Code   RO         1411    i.USBD_Get_USB_Status  usbd_conf.o
    0x08007552   0x08007552   0x0000003a   Code   RO         7892    i.USBD_Init         usbd_core.o
    0x0800758c   0x0800758c   0x00000026   Code   RO         1412    i.USBD_LL_ClearStallEP  usbd_conf.o
    0x080075b2   0x080075b2   0x00000026   Code   RO         1413    i.USBD_LL_CloseEP   usbd_conf.o
    0x080075d8   0x080075d8   0x00000108   Code   RO         7893    i.USBD_LL_DataInStage  usbd_core.o
    0x080076e0   0x080076e0   0x00000102   Code   RO         7894    i.USBD_LL_DataOutStage  usbd_core.o
    0x080077e2   0x080077e2   0x00000006   Code   RO         7895    i.USBD_LL_DevConnected  usbd_core.o
    0x080077e8   0x080077e8   0x00000026   Code   RO         7896    i.USBD_LL_DevDisconnected  usbd_core.o
    0x0800780e   0x0800780e   0x00000012   Code   RO         1417    i.USBD_LL_GetRxDataSize  usbd_conf.o
    0x08007820   0x08007820   0x00000068   Code   RO         1418    i.USBD_LL_Init      usbd_conf.o
    0x08007888   0x08007888   0x00000038   Code   RO         1419    i.USBD_LL_IsStallEP  usbd_conf.o
    0x080078c0   0x080078c0   0x00000048   Code   RO         7897    i.USBD_LL_IsoINIncomplete  usbd_core.o
    0x08007908   0x08007908   0x00000048   Code   RO         7898    i.USBD_LL_IsoOUTIncomplete  usbd_core.o
    0x08007950   0x08007950   0x00000030   Code   RO         1420    i.USBD_LL_OpenEP    usbd_conf.o
    0x08007980   0x08007980   0x00000030   Code   RO         1421    i.USBD_LL_PrepareReceive  usbd_conf.o
    0x080079b0   0x080079b0   0x0000006c   Code   RO         7899    i.USBD_LL_Reset     usbd_core.o
    0x08007a1c   0x08007a1c   0x00000016   Code   RO         7900    i.USBD_LL_Resume    usbd_core.o
    0x08007a32   0x08007a32   0x00000028   Code   RO         7901    i.USBD_LL_SOF       usbd_core.o
    0x08007a5a   0x08007a5a   0x00000008   Code   RO         7902    i.USBD_LL_SetSpeed  usbd_core.o
    0x08007a62   0x08007a62   0x00000026   Code   RO         1422    i.USBD_LL_SetUSBAddress  usbd_conf.o
    0x08007a88   0x08007a88   0x00000076   Code   RO         7903    i.USBD_LL_SetupStage  usbd_core.o
    0x08007afe   0x08007afe   0x00000026   Code   RO         1423    i.USBD_LL_StallEP   usbd_conf.o
    0x08007b24   0x08007b24   0x0000001e   Code   RO         1424    i.USBD_LL_Start     usbd_conf.o
    0x08007b42   0x08007b42   0x0000001c   Code   RO         7904    i.USBD_LL_Suspend   usbd_core.o
    0x08007b5e   0x08007b5e   0x00000030   Code   RO         1426    i.USBD_LL_Transmit  usbd_conf.o
    0x08007b8e   0x08007b8e   0x00000036   Code   RO         8056    i.USBD_ParseSetupRequest  usbd_ctlreq.o
    0x08007bc4   0x08007bc4   0x00000048   Code   RO         7905    i.USBD_RegisterClass  usbd_core.o
    0x08007c0c   0x08007c0c   0x00000006   Code   RO         7906    i.USBD_RunTestMode  usbd_core.o
    0x08007c12   0x08007c12   0x0000005a   Code   RO         8057    i.USBD_SetAddress   usbd_ctlreq.o
    0x08007c6c   0x08007c6c   0x00000020   Code   RO         7907    i.USBD_SetClassConfig  usbd_core.o
    0x08007c8c   0x08007c8c   0x00000104   Code   RO         8058    i.USBD_SetConfig    usbd_ctlreq.o
    0x08007d90   0x08007d90   0x00000038   Code   RO         8059    i.USBD_SetFeature   usbd_ctlreq.o
    0x08007dc8   0x08007dc8   0x0000000c   Code   RO         7908    i.USBD_Start        usbd_core.o
    0x08007dd4   0x08007dd4   0x000000ae   Code   RO         8060    i.USBD_StdDevReq    usbd_ctlreq.o
    0x08007e82   0x08007e82   0x00000280   Code   RO         8061    i.USBD_StdEPReq     usbd_ctlreq.o
    0x08008102   0x08008102   0x000000ae   Code   RO         8062    i.USBD_StdItfReq    usbd_ctlreq.o
    0x080081b0   0x080081b0   0x00000002   Code   RO         1427    i.USBD_static_free  usbd_conf.o
    0x080081b2   0x080081b2   0x00000002   PAD
    0x080081b4   0x080081b4   0x0000000c   Code   RO         1428    i.USBD_static_malloc  usbd_conf.o
    0x080081c0   0x080081c0   0x000000d0   Code   RO         1891    i.USB_ActivateEndpoint  stm32f4xx_ll_usb.o
    0x08008290   0x08008290   0x00000028   Code   RO         1893    i.USB_ActivateSetup  stm32f4xx_ll_usb.o
    0x080082b8   0x080082b8   0x0000008c   Code   RO         1895    i.USB_CoreInit      stm32f4xx_ll_usb.o
    0x08008344   0x08008344   0x00000054   Code   RO         1896    i.USB_CoreReset     stm32f4xx_ll_usb.o
    0x08008398   0x08008398   0x0000014c   Code   RO         1899    i.USB_DeactivateEndpoint  stm32f4xx_ll_usb.o
    0x080084e4   0x080084e4   0x00000024   Code   RO         1900    i.USB_DevConnect    stm32f4xx_ll_usb.o
    0x08008508   0x08008508   0x00000024   Code   RO         1901    i.USB_DevDisconnect  stm32f4xx_ll_usb.o
    0x0800852c   0x0800852c   0x000001e8   Code   RO         1902    i.USB_DevInit       stm32f4xx_ll_usb.o
    0x08008714   0x08008714   0x0000000e   Code   RO         1903    i.USB_DisableGlobalInt  stm32f4xx_ll_usb.o
    0x08008722   0x08008722   0x00000002   PAD
    0x08008724   0x08008724   0x00000070   Code   RO         1906    i.USB_EP0_OutStart  stm32f4xx_ll_usb.o
    0x08008794   0x08008794   0x0000008e   Code   RO         1907    i.USB_EPClearStall  stm32f4xx_ll_usb.o
    0x08008822   0x08008822   0x0000009a   Code   RO         1908    i.USB_EPSetStall    stm32f4xx_ll_usb.o
    0x080088bc   0x080088bc   0x000003b4   Code   RO         1909    i.USB_EPStartXfer   stm32f4xx_ll_usb.o
    0x08008c70   0x08008c70   0x000000ec   Code   RO         1910    i.USB_EPStopXfer    stm32f4xx_ll_usb.o
    0x08008d5c   0x08008d5c   0x0000000e   Code   RO         1911    i.USB_EnableGlobalInt  stm32f4xx_ll_usb.o
    0x08008d6a   0x08008d6a   0x00000050   Code   RO         1912    i.USB_FlushRxFifo   stm32f4xx_ll_usb.o
    0x08008dba   0x08008dba   0x00000054   Code   RO         1913    i.USB_FlushTxFifo   stm32f4xx_ll_usb.o
    0x08008e0e   0x08008e0e   0x00000026   Code   RO         1915    i.USB_GetDevSpeed   stm32f4xx_ll_usb.o
    0x08008e34   0x08008e34   0x0000000a   Code   RO         1917    i.USB_GetMode       stm32f4xx_ll_usb.o
    0x08008e3e   0x08008e3e   0x00000014   Code   RO         1925    i.USB_ReadDevAllInEpInterrupt  stm32f4xx_ll_usb.o
    0x08008e52   0x08008e52   0x00000014   Code   RO         1926    i.USB_ReadDevAllOutEpInterrupt  stm32f4xx_ll_usb.o
    0x08008e66   0x08008e66   0x00000032   Code   RO         1927    i.USB_ReadDevInEPInterrupt  stm32f4xx_ll_usb.o
    0x08008e98   0x08008e98   0x0000001a   Code   RO         1928    i.USB_ReadDevOutEPInterrupt  stm32f4xx_ll_usb.o
    0x08008eb2   0x08008eb2   0x0000000a   Code   RO         1929    i.USB_ReadInterrupts  stm32f4xx_ll_usb.o
    0x08008ebc   0x08008ebc   0x00000060   Code   RO         1930    i.USB_ReadPacket    stm32f4xx_ll_usb.o
    0x08008f1c   0x08008f1c   0x00000068   Code   RO         1932    i.USB_SetCurrentMode  stm32f4xx_ll_usb.o
    0x08008f84   0x08008f84   0x0000002a   Code   RO         1933    i.USB_SetDevAddress  stm32f4xx_ll_usb.o
    0x08008fae   0x08008fae   0x00000012   Code   RO         1934    i.USB_SetDevSpeed   stm32f4xx_ll_usb.o
    0x08008fc0   0x08008fc0   0x000000e8   Code   RO         1935    i.USB_SetTurnaroundTime  stm32f4xx_ll_usb.o
    0x080090a8   0x080090a8   0x00000044   Code   RO         1938    i.USB_WritePacket   stm32f4xx_ll_usb.o
    0x080090ec   0x080090ec   0x00000004   Code   RO         1013    i.UsageFault_Handler  stm32f4xx_it.o
    0x080090f0   0x080090f0   0x000004a4   Code   RO        10369    i.VMC_calc          vmc.o
    0x08009594   0x08009594   0x0000010c   Code   RO        10370    i.VMC_init          vmc.o
    0x080096a0   0x080096a0   0x00000210   Code   RO         9480    i._ZN5PID_t4calcEff  pid.o
    0x080098b0   0x080098b0   0x00000058   Code   RO         9481    i._ZN5PID_t4initEhPKfff  pid.o
    0x08009908   0x08009908   0x00000038   Code   RO         9906    i._ZN8moveit_t11moveit_initEv  moveit_task.o
    0x08009940   0x08009940   0x000001f8   Code   RO         9907    i._ZN8moveit_t13moveit_updateEv  moveit_task.o
    0x08009b38   0x08009b38   0x000000cc   Code   RO         9908    i._ZN8moveit_t14moveit_controlEv  moveit_task.o
    0x08009c04   0x08009c04   0x0000001c   Code   RO         9909    i._ZN8moveit_t15moveit_mode_setEv  moveit_task.o
    0x08009c20   0x08009c20   0x0000003c   Code   RO         9910    i._ZN8moveit_tC1Ev  moveit_task.o
    0x08009c5c   0x08009c5c   0x00000018   Code   RO        10418    i._ZSt3cosf         vmc.o
    0x08009c74   0x08009c74   0x00000018   Code   RO        10424    i._ZSt3sinf         vmc.o
    0x08009c8c   0x08009c8c   0x00000018   Code   RO        10430    i._ZSt4atanf        vmc.o
    0x08009ca4   0x08009ca4   0x00000018   Code   RO        10436    i._ZSt4sqrtf        vmc.o
    0x08009cbc   0x08009cbc   0x00000030   Code   RO        11369    i.__0snprintf       mc_w.l(printfa.o)
    0x08009cec   0x08009cec   0x00000026   Code   RO        11415    i.__ARM_fpclassifyf  m_wm.l(fpclassifyf.o)
    0x08009d12   0x08009d12   0x00000002   PAD
    0x08009d14   0x08009d14   0x00000010   Code   RO         3004    i.__NVIC_GetPriorityGrouping  stm32f4xx_hal_cortex.o
    0x08009d24   0x08009d24   0x00000028   Code   RO         3005    i.__NVIC_SetPriority  stm32f4xx_hal_cortex.o
    0x08009d4c   0x08009d4c   0x00000160   Code   RO        11060    i.__hardfp_atanf    m_wm.l(atanf.o)
    0x08009eac   0x08009eac   0x00000150   Code   RO        11072    i.__hardfp_cosf     m_wm.l(cosf.o)
    0x08009ffc   0x08009ffc   0x00000190   Code   RO        11084    i.__hardfp_sinf     m_wm.l(sinf.o)
    0x0800a18c   0x0800a18c   0x0000003a   Code   RO        11102    i.__hardfp_sqrtf    m_wm.l(sqrtf_full.o)
    0x0800a1c6   0x0800a1c6   0x00000006   Code   RO        11418    i.__mathlib_flt_infnan  m_wm.l(funder.o)
    0x0800a1cc   0x0800a1cc   0x00000010   Code   RO        11420    i.__mathlib_flt_invalid  m_wm.l(funder.o)
    0x0800a1dc   0x0800a1dc   0x00000010   Code   RO        11423    i.__mathlib_flt_underflow  m_wm.l(funder.o)
    0x0800a1ec   0x0800a1ec   0x00000154   Code   RO        11431    i.__mathlib_rredf2  m_wm.l(rredf.o)
    0x0800a340   0x0800a340   0x0000000e   Code   RO        11481    i.__scatterload_copy  mc_w.l(handlers.o)
    0x0800a34e   0x0800a34e   0x00000002   Code   RO        11482    i.__scatterload_null  mc_w.l(handlers.o)
    0x0800a350   0x0800a350   0x0000000e   Code   RO        11483    i.__scatterload_zeroinit  mc_w.l(handlers.o)
    0x0800a35e   0x0800a35e   0x00000002   PAD
    0x0800a360   0x0800a360   0x0000000c   Code   RO        11459    i.__set_errno       mc_w.l(errno.o)
    0x0800a36c   0x0800a36c   0x00000010   Code   RO         9911    i.__sti___15_moveit_task_cpp_movexy  moveit_task.o
    0x0800a37c   0x0800a37c   0x00000184   Code   RO        11375    i._fp_digits        mc_w.l(printfa.o)
    0x0800a500   0x0800a500   0x000006dc   Code   RO        11376    i._printf_core      mc_w.l(printfa.o)
    0x0800abdc   0x0800abdc   0x00000024   Code   RO        11377    i._printf_post_padding  mc_w.l(printfa.o)
    0x0800ac00   0x0800ac00   0x0000002e   Code   RO        11378    i._printf_pre_padding  mc_w.l(printfa.o)
    0x0800ac2e   0x0800ac2e   0x00000016   Code   RO        11379    i._snputc           mc_w.l(printfa.o)
    0x0800ac44   0x0800ac44   0x00000068   Code   RO         9356    i.aRGB_led_show     bsp_led.o
    0x0800acac   0x0800acac   0x0000005c   Code   RO         8928    i.can_filter_init   bsp_can.o
    0x0800ad08   0x0800ad08   0x0000003e   Code   RO        10675    i.decode_hipnuc     hipnuc_dec.o
    0x0800ad46   0x0800ad46   0x00000016   Code   RO        10245    i.esp32_task        esp32_task.o
    0x0800ad5c   0x0800ad5c   0x00000014   Code   RO        10532    i.get_chassis_motor_measure_point  can_receive.o
    0x0800ad70   0x0800ad70   0x00000008   Code   RO        10316    i.get_imu_point     hipnuc_task.o
    0x0800ad78   0x0800ad78   0x00000008   Code   RO         9912    i.get_moveit_point  moveit_task.o
    0x0800ad80   0x0800ad80   0x0000003c   Code   RO        10676    i.hipnuc_crc16      hipnuc_dec.o
    0x0800adbc   0x0800adbc   0x00000bdc   Code   RO        10677    i.hipnuc_dump_packet  hipnuc_dec.o
    0x0800b998   0x0800b998   0x0000006a   Code   RO        10678    i.hipnuc_input      hipnuc_dec.o
    0x0800ba02   0x0800ba02   0x00000002   PAD
    0x0800ba04   0x0800ba04   0x00000054   Code   RO        10317    i.hipnuc_task       hipnuc_task.o
    0x0800ba58   0x0800ba58   0x00000080   Code   RO           16    i.main              main.o
    0x0800bad8   0x0800bad8   0x0000000e   Code   RO         7369    i.makeFreeRtosPriority  cmsis_os.o
    0x0800bae6   0x0800bae6   0x00000026   Code   RO         9867    i.monitor_task      monitor_task.o
    0x0800bb0c   0x0800bb0c   0x0000004c   Code   RO         9913    i.moveit_task       moveit_task.o
    0x0800bb58   0x0800bb58   0x00000018   Code   RO         7371    i.osDelay           cmsis_os.o
    0x0800bb70   0x0800bb70   0x0000000a   Code   RO         7374    i.osKernelStart     cmsis_os.o
    0x0800bb7a   0x0800bb7a   0x0000005e   Code   RO         7408    i.osThreadCreate    cmsis_os.o
    0x0800bbd8   0x0800bbd8   0x000002b0   Code   RO        10679    i.parse_data        hipnuc_dec.o
    0x0800be88   0x0800be88   0x00000098   Code   RO         7020    i.prvAddCurrentTaskToDelayedList  tasks.o
    0x0800bf20   0x0800bf20   0x000000b4   Code   RO         7021    i.prvAddNewTaskToReadyList  tasks.o
    0x0800bfd4   0x0800bfd4   0x00000048   Code   RO         7022    i.prvCheckTasksWaitingTermination  tasks.o
    0x0800c01c   0x0800c01c   0x00000050   Code   RO         7023    i.prvDeleteTCB      tasks.o
    0x0800c06c   0x0800c06c   0x0000007c   Code   RO         7739    i.prvHeapInit       heap_4.o
    0x0800c0e8   0x0800c0e8   0x00000028   Code   RO         7024    i.prvIdleTask       tasks.o
    0x0800c110   0x0800c110   0x000000b4   Code   RO         7025    i.prvInitialiseNewTask  tasks.o
    0x0800c1c4   0x0800c1c4   0x00000068   Code   RO         7026    i.prvInitialiseTaskLists  tasks.o
    0x0800c22c   0x0800c22c   0x00000068   Code   RO         7740    i.prvInsertBlockIntoFreeList  heap_4.o
    0x0800c294   0x0800c294   0x00000034   Code   RO         7027    i.prvResetNextTaskUnblockTime  tasks.o
    0x0800c2c8   0x0800c2c8   0x00000040   Code   RO         7808    i.prvTaskExitError  port.o
    0x0800c308   0x0800c308   0x0000014c   Code   RO         7741    i.pvPortMalloc      heap_4.o
    0x0800c454   0x0800c454   0x0000002c   Code   RO         7809    i.pxPortInitialiseStack  port.o
    0x0800c480   0x0800c480   0x0000001c   Code   RO        10680    i.sync_hipnuc       hipnuc_dec.o
    0x0800c49c   0x0800c49c   0x00000028   Code   RO         6646    i.uxListRemove      list.o
    0x0800c4c4   0x0800c4c4   0x00000018   Code   RO          456    i.vApplicationGetIdleTaskMemory  freertos.o
    0x0800c4dc   0x0800c4dc   0x0000001a   Code   RO         6647    i.vListInitialise   list.o
    0x0800c4f6   0x0800c4f6   0x00000006   Code   RO         6648    i.vListInitialiseItem  list.o
    0x0800c4fc   0x0800c4fc   0x00000034   Code   RO         6649    i.vListInsert       list.o
    0x0800c530   0x0800c530   0x00000018   Code   RO         6650    i.vListInsertEnd    list.o
    0x0800c548   0x0800c548   0x00000054   Code   RO         7811    i.vPortEnterCritical  port.o
    0x0800c59c   0x0800c59c   0x0000003c   Code   RO         7812    i.vPortExitCritical  port.o
    0x0800c5d8   0x0800c5d8   0x000000a4   Code   RO         7742    i.vPortFree         heap_4.o
    0x0800c67c   0x0800c67c   0x00000028   Code   RO         7813    i.vPortSetupTimerInterrupt  port.o
    0x0800c6a4   0x0800c6a4   0x0000005c   Code   RO         7037    i.vTaskDelay        tasks.o
    0x0800c700   0x0800c700   0x000000b0   Code   RO         7051    i.vTaskStartScheduler  tasks.o
    0x0800c7b0   0x0800c7b0   0x00000010   Code   RO         7053    i.vTaskSuspendAll   tasks.o
    0x0800c7c0   0x0800c7c0   0x0000008c   Code   RO         7054    i.vTaskSwitchContext  tasks.o
    0x0800c84c   0x0800c84c   0x00000168   Code   RO         7815    i.xPortStartScheduler  port.o
    0x0800c9b4   0x0800c9b4   0x00000064   Code   RO         7057    i.xTaskCreate       tasks.o
    0x0800ca18   0x0800ca18   0x000000ba   Code   RO         7058    i.xTaskCreateStatic  tasks.o
    0x0800cad2   0x0800cad2   0x00000002   PAD
    0x0800cad4   0x0800cad4   0x00000148   Code   RO         7066    i.xTaskIncrementTick  tasks.o
    0x0800cc1c   0x0800cc1c   0x00000104   Code   RO         7072    i.xTaskResumeAll    tasks.o
    0x0800cd20   0x0800cd20   0x0000008c   Data   RO          458    .constdata          freertos.o
    0x0800cdac   0x0800cdac   0x00000008   Data   RO         2720    .constdata          stm32f4xx_hal_dma.o
    0x0800cdb4   0x0800cdb4   0x00000018   Data   RO         6479    .constdata          system_stm32f4xx.o
    0x0800cdcc   0x0800cdcc   0x00000030   Data   RO        10378    .constdata          vmc.o
    0x0800cdfc   0x0800cdfc   0x00000804   Data   RO        11001    .constdata          arm_cortexM4lf_math.lib(arm_common_tables.o)
    0x0800d600   0x0800d600   0x00000020   Data   RO        11432    .constdata          m_wm.l(rredf.o)
    0x0800d620   0x0800d620   0x00000034   Data   RO          459    .conststring        freertos.o
    0x0800d654   0x0800d654   0x00000020   Data   RO        11479    Region$$Table       anon$$obj.o
    0x0800d674   0x0800d674   0x00000004   Data   RO         9923    .init_array         moveit_task.o
    0x0800d678   0x0800d674   0x00000000   Data   RO        11397    .init_array         mc_w.l(cpp_init.o)


    Execution Region RW_IRAM1 (Exec base: 0x20000000, Load base: 0x0800d678, Size: 0x00006ee8, Max: 0x0001c000, ABSOLUTE, COMPRESSED[0x000000c0])

    Exec Addr    Load Addr    Size         Type   Attr      Idx    E Section Name        Object

    0x20000000   COMPRESSED   0x0000001c   Data   RW          460    .data               freertos.o
    0x2000001c   COMPRESSED   0x00000004   Data   RW          672    .data               can.o
    0x20000020   COMPRESSED   0x0000004e   Data   RW         1261    .data               usbd_desc.o
    0x2000006e   COMPRESSED   0x00000002   PAD
    0x20000070   COMPRESSED   0x00000014   Data   RW         1348    .data               usbd_cdc_if.o
    0x20000084   COMPRESSED   0x00000009   Data   RW         3158    .data               stm32f4xx_hal.o
    0x2000008d   COMPRESSED   0x00000003   PAD
    0x20000090   COMPRESSED   0x00000004   Data   RW         6480    .data               system_stm32f4xx.o
    0x20000094   COMPRESSED   0x0000003c   Data   RW         7075    .data               tasks.o
    0x200000d0   COMPRESSED   0x00000020   Data   RW         7748    .data               heap_4.o
    0x200000f0   COMPRESSED   0x0000000c   Data   RW         7816    .data               port.o
    0x200000fc   COMPRESSED   0x00000001   Data   RW         8063    .data               usbd_ctlreq.o
    0x200000fd   COMPRESSED   0x00000003   PAD
    0x20000100   COMPRESSED   0x0000008a   Data   RW         8226    .data               usbd_cdc.o
    0x2000018a   COMPRESSED   0x00000008   Data   RW         9358    .data               bsp_led.o
    0x20000192   COMPRESSED   0x00000002   Data   RW        10322    .data               hipnuc_task.o
    0x20000194   COMPRESSED   0x00000019   Data   RW        10534    .data               can_receive.o
    0x200001ad   COMPRESSED   0x00000003   PAD
    0x200001b0   COMPRESSED   0x00000004   Data   RW        11460    .data               mc_w.l(errno.o)
    0x200001b4        -       0x00000254   Zero   RW          457    .bss                freertos.o
    0x20000408        -       0x00000090   Zero   RW          623    .bss                adc.o
    0x20000498        -       0x00000050   Zero   RW          671    .bss                can.o
    0x200004e8        -       0x000000a8   Zero   RW          747    .bss                i2c.o
    0x20000590        -       0x00000020   Zero   RW          794    .bss                rtc.o
    0x200005b0        -       0x00000170   Zero   RW          837    .bss                spi.o
    0x20000720        -       0x00000120   Zero   RW          888    .bss                tim.o
    0x20000840        -       0x000001b0   Zero   RW          951    .bss                usart.o
    0x200009f0        -       0x00000048   Zero   RW         1158    .bss                stm32f4xx_hal_timebase_tim.o
    0x20000a38        -       0x000002dc   Zero   RW         1195    .bss                usb_device.o
    0x20000d14        -       0x00000200   Zero   RW         1260    .bss                usbd_desc.o
    0x20000f14        -       0x00001000   Zero   RW         1347    .bss                usbd_cdc_if.o
    0x20001f14        -       0x00000704   Zero   RW         1429    .bss                usbd_conf.o
    0x20002618        -       0x000000f0   Zero   RW         7074    .bss                tasks.o
    0x20002708        -       0x00003c00   Zero   RW         7747    .bss                heap_4.o
    0x20006308        -       0x00000058   Zero   RW         9922    .bss                moveit_task.o
    0x20006360        -       0x00000050   Zero   RW        10250    .bss                esp32_task.o
    0x200063b0        -       0x00000274   Zero   RW        10321    .bss                hipnuc_task.o
    0x20006624   COMPRESSED   0x00000004   PAD
    0x20006628        -       0x00000430   Zero   RW        10377    .bss                vmc.o
    0x20006a58        -       0x0000008e   Zero   RW        10533    .bss                can_receive.o
    0x20006ae6   COMPRESSED   0x00000002   PAD
    0x20006ae8        -       0x00000400   Zero   RW            1    STACK               startup_stm32f407xx.o


    Execution Region RW_IRAM2 (Exec base: 0x2001c000, Load base: 0x0800d738, Size: 0x00000000, Max: 0x00004000, ABSOLUTE)

    **** No section assigned to this execution region ****


==============================================================================

Image component sizes


      Code (inc. data)   RO Data    RW Data    ZI Data      Debug   Object Name

       400         40          0          0        144       2402   adc.o
         0          0          0          0          0       3668   bsp_adc.o
        92          8          0          0          0     571246   bsp_can.o
       104         22          0          8          0        596   bsp_led.o
       488         44          0          4         80       2474   can.o
       728         46          0         25        142     575626   can_receive.o
       142          0          0          0          0      25479   cmsis_os.o
         0          0          0          0          0       7424   croutine.o
       168          6          0          0          0        858   dma.o
       438         14          0          0         80       2769   esp32_task.o
         0          0          0          0          0      19368   event_groups.o
       184         36        192         28        596       3154   freertos.o
       660         28          0          0          0     747451   gpio.o
       724         74          0         32      15360       7459   heap_4.o
      4006        326          0          0          0       8384   hipnuc_dec.o
       152         44          0          2        628       5450   hipnuc_task.o
       432         50          0          0        168       2406   i2c.o
       148          0          0          0          0       3602   list.o
       342         20          0          0          0     706228   main.o
        38          0          0          0          0        559   monitor_task.o
       952        100          4          0         88       9766   moveit_task.o
       616         10          0          0          0       3374   pid.o
       894         78          0         12          0      11216   port.o
       112         20          0          0         32       1567   rtc.o
       596         52          0          0        368       2628   spi.o
        36          8        392          0       1024        840   startup_stm32f407xx.o
       136         24          0          9          0       8766   stm32f4xx_hal.o
       852         28          0          0          0       2775   stm32f4xx_hal_adc.o
      2148          6          0          0          0      14511   stm32f4xx_hal_can.o
       260         22          0          0          0      33594   stm32f4xx_hal_cortex.o
      1034         16          8          0          0       3920   stm32f4xx_hal_dma.o
       558         50          0          0          0       4035   stm32f4xx_hal_gpio.o
       464         18          0          0          0       2159   stm32f4xx_hal_i2c.o
        84          6          0          0          0        874   stm32f4xx_hal_msp.o
      3560         16          0          0          0      13884   stm32f4xx_hal_pcd.o
        90          0          0          0          0       2457   stm32f4xx_hal_pcd_ex.o
      1888         94          0          0          0       6321   stm32f4xx_hal_rcc.o
       416         20          0          0          0       1416   stm32f4xx_hal_rcc_ex.o
       356          8          0          0          0       3319   stm32f4xx_hal_rtc.o
       200          0          0          0          0       1199   stm32f4xx_hal_spi.o
      2522        172          0          0          0      17461   stm32f4xx_hal_tim.o
       184         30          0          0          0       2549   stm32f4xx_hal_tim_ex.o
       180         20          0          0         72       1487   stm32f4xx_hal_timebase_tim.o
      1220         10          0          0          0       6138   stm32f4xx_hal_uart.o
       192         48          0          0          0       9403   stm32f4xx_it.o
      3882         82          0          0          0      23036   stm32f4xx_ll_usb.o
         0          0          0          0          0        384   stream_buffer.o
        20          6         24          4          0       1151   system_stm32f4xx.o
      2158        270          0         60        240      20549   tasks.o
      1016         78          0          0        288       4769   tim.o
         0          0          0          0          0       2496   timers.o
       664         62          0          0        432       2752   usart.o
        76         16          0          0        732       8411   usb_device.o
      1690         48          0        138          0      13583   usbd_cdc.o
       148         16          0         20       4096       3558   usbd_cdc_if.o
      1004         24          0          0       1796      17804   usbd_conf.o
      1354          0          0          0          0      16697   usbd_core.o
      2342         30          0          1          0      17956   usbd_ctlreq.o
       370        118          0         78        512       8165   usbd_desc.o
       174          0          0          0          0       4760   usbd_ioreq.o
      2396        112         48          0       1072       9939   vmc.o

    ----------------------------------------------------------------------
     46124       2476        700        432      27956    3018272   Object Totals
         0          0         32          0          0          0   (incl. Generated)
        34          0          0         11          6          0   (incl. Padding)

    ----------------------------------------------------------------------

      Code (inc. data)   RO Data    RW Data    ZI Data      Debug   Library Member Name

         0          0       2052          0          0       4704   arm_common_tables.o
       120         12          0          0          0      17170   arm_cos_f32.o
       148         18          0          0          0        814   arm_sin_f32.o
       352         56          0          0          0        172   atanf.o
       336         56          0          0          0        136   cosf.o
        38          0          0          0          0        116   fpclassifyf.o
        38         12          0          0          0        348   funder.o
       340         24         32          0          0        160   rredf.o
       400         56          0          0          0        212   sinf.o
        58          0          0          0          0        136   sqrtf_full.o
        86          0          0          0          0          0   __dczerorl2.o
        32         10          0          0          0         80   cpp_init.o
         0          0          0          0          0          0   entry.o
         0          0          0          0          0          0   entry10a.o
         0          0          0          0          0          0   entry11a.o
         8          4          0          0          0          0   entry2.o
         4          0          0          0          0          0   entry5.o
         0          0          0          0          0          0   entry7b.o
         4          0          0          0          0          0   entry8a.o
         0          0          0          0          0          0   entry8b.o
         8          4          0          0          0          0   entry9a.o
        12          6          0          4          0         68   errno.o
        30          0          0          0          0          0   handlers.o
        36          8          0          0          0         68   init.o
         0          0          0          0          0          0   iusefp.o
        30          0          0          0          0         68   llshl.o
        36          0          0          0          0         68   llsshr.o
        32          0          0          0          0         68   llushr.o
        36          0          0          0          0         68   memcpya.o
        36          0          0          0          0        108   memseta.o
      2296         84          0          0          0        520   printfa.o
        44          0          0          0          0         80   uidiv.o
        98          0          0          0          0         92   uldiv.o
        48          0          0          0          0         68   cdrcmple.o
        56          0          0          0          0         88   d2f.o
       334          0          0          0          0        148   dadd.o
       222          0          0          0          0        100   ddiv.o
       186          0          0          0          0        176   depilogue.o
        48          0          0          0          0         68   dfixul.o
        34          0          0          0          0         76   dflti.o
        26          0          0          0          0         76   dfltui.o
       228          0          0          0          0         96   dmul.o
        38          0          0          0          0         68   f2d.o
       110          0          0          0          0        168   fepilogue.o

    ----------------------------------------------------------------------
      5996        350       2084          4          0      26388   Library Totals
         8          0          0          0          0          0   (incl. Padding)

    ----------------------------------------------------------------------

      Code (inc. data)   RO Data    RW Data    ZI Data      Debug   Library Name

       268         30       2052          0          0      22688   arm_cortexM4lf_math.lib
      1562        204         32          0          0       1280   m_wm.l
      2828        116          0          4          0       1288   mc_w.l
      1330          0          0          0          0       1132   mf_w.l

    ----------------------------------------------------------------------
      5996        350       2084          4          0      26388   Library Totals

    ----------------------------------------------------------------------

==============================================================================


      Code (inc. data)   RO Data    RW Data    ZI Data      Debug   

     52120       2826       2784        436      27956    3007496   Grand Totals
     52120       2826       2784        192      27956    3007496   ELF Image Totals (compressed)
     52120       2826       2784        192          0          0   ROM Totals

==============================================================================

    Total RO  Size (Code + RO Data)                54904 (  53.62kB)
    Total RW  Size (RW Data + ZI Data)             28392 (  27.73kB)
    Total ROM Size (Code + RO Data + RW Data)      55096 (  53.80kB)

==============================================================================

