Archive member included to satisfy reference by file (symbol)

d:/stm32/arm_none_gcc/bin/../lib/gcc/arm-none-eabi/9.2.1/thumb/v6-m/nofp\libgcc.a(_udivsi3.o)
                              CMakeFiles/Balanced_infantry.elf.dir/Drivers/STM32F0xx_HAL_Driver/Src/stm32f0xx_hal.c.obj (__aeabi_uidiv)
d:/stm32/arm_none_gcc/bin/../lib/gcc/arm-none-eabi/9.2.1/thumb/v6-m/nofp\libgcc.a(_dvmd_tls.o)
                              d:/stm32/arm_none_gcc/bin/../lib/gcc/arm-none-eabi/9.2.1/thumb/v6-m/nofp\libgcc.a(_udivsi3.o) (__aeabi_idiv0)
d:/stm32/arm_none_gcc/bin/../lib/gcc/arm-none-eabi/9.2.1/../../../../arm-none-eabi/lib/thumb/v6-m/nofp\libg.a(lib_a-errno.o)
                              CMakeFiles/Balanced_infantry.elf.dir/Src/syscalls.c.obj (__errno)
d:/stm32/arm_none_gcc/bin/../lib/gcc/arm-none-eabi/9.2.1/../../../../arm-none-eabi/lib/thumb/v6-m/nofp\libg.a(lib_a-exit.o)
                              d:/stm32/arm_none_gcc/bin/../lib/gcc/arm-none-eabi/9.2.1/../../../../arm-none-eabi/lib/thumb/v6-m/nofp/crt0.o (exit)
d:/stm32/arm_none_gcc/bin/../lib/gcc/arm-none-eabi/9.2.1/../../../../arm-none-eabi/lib/thumb/v6-m/nofp\libg.a(lib_a-impure.o)
                              d:/stm32/arm_none_gcc/bin/../lib/gcc/arm-none-eabi/9.2.1/../../../../arm-none-eabi/lib/thumb/v6-m/nofp\libg.a(lib_a-exit.o) (_global_impure_ptr)
d:/stm32/arm_none_gcc/bin/../lib/gcc/arm-none-eabi/9.2.1/../../../../arm-none-eabi/lib/thumb/v6-m/nofp\libg.a(lib_a-init.o)
                              d:/stm32/arm_none_gcc/bin/../lib/gcc/arm-none-eabi/9.2.1/../../../../arm-none-eabi/lib/thumb/v6-m/nofp/crt0.o (__libc_init_array)
d:/stm32/arm_none_gcc/bin/../lib/gcc/arm-none-eabi/9.2.1/../../../../arm-none-eabi/lib/thumb/v6-m/nofp\libg.a(lib_a-memset.o)
                              d:/stm32/arm_none_gcc/bin/../lib/gcc/arm-none-eabi/9.2.1/../../../../arm-none-eabi/lib/thumb/v6-m/nofp/crt0.o (memset)
d:/stm32/arm_none_gcc/bin/../lib/gcc/arm-none-eabi/9.2.1/../../../../arm-none-eabi/lib/thumb/v6-m/nofp\libg.a(lib_a-__call_atexit.o)
                              d:/stm32/arm_none_gcc/bin/../lib/gcc/arm-none-eabi/9.2.1/../../../../arm-none-eabi/lib/thumb/v6-m/nofp\libg.a(lib_a-exit.o) (__call_exitprocs)
d:/stm32/arm_none_gcc/bin/../lib/gcc/arm-none-eabi/9.2.1/../../../../arm-none-eabi/lib/thumb/v6-m/nofp\libg.a(lib_a-atexit.o)
                              d:/stm32/arm_none_gcc/bin/../lib/gcc/arm-none-eabi/9.2.1/../../../../arm-none-eabi/lib/thumb/v6-m/nofp\libg.a(lib_a-__call_atexit.o) (atexit)
d:/stm32/arm_none_gcc/bin/../lib/gcc/arm-none-eabi/9.2.1/../../../../arm-none-eabi/lib/thumb/v6-m/nofp\libg.a(lib_a-fini.o)
                              d:/stm32/arm_none_gcc/bin/../lib/gcc/arm-none-eabi/9.2.1/../../../../arm-none-eabi/lib/thumb/v6-m/nofp\libg.a(lib_a-__call_atexit.o) (__libc_fini_array)
d:/stm32/arm_none_gcc/bin/../lib/gcc/arm-none-eabi/9.2.1/../../../../arm-none-eabi/lib/thumb/v6-m/nofp\libg.a(lib_a-lock.o)
                              d:/stm32/arm_none_gcc/bin/../lib/gcc/arm-none-eabi/9.2.1/../../../../arm-none-eabi/lib/thumb/v6-m/nofp\libg.a(lib_a-__call_atexit.o) (__retarget_lock_acquire_recursive)
d:/stm32/arm_none_gcc/bin/../lib/gcc/arm-none-eabi/9.2.1/../../../../arm-none-eabi/lib/thumb/v6-m/nofp\libg.a(lib_a-__atexit.o)
                              d:/stm32/arm_none_gcc/bin/../lib/gcc/arm-none-eabi/9.2.1/../../../../arm-none-eabi/lib/thumb/v6-m/nofp\libg.a(lib_a-atexit.o) (__register_exitproc)

Allocating common symbols
Common symbol       size              file

__lock___atexit_recursive_mutex
                    0x1               d:/stm32/arm_none_gcc/bin/../lib/gcc/arm-none-eabi/9.2.1/../../../../arm-none-eabi/lib/thumb/v6-m/nofp\libg.a(lib_a-lock.o)
__lock___arc4random_mutex
                    0x1               d:/stm32/arm_none_gcc/bin/../lib/gcc/arm-none-eabi/9.2.1/../../../../arm-none-eabi/lib/thumb/v6-m/nofp\libg.a(lib_a-lock.o)
__lock___env_recursive_mutex
                    0x1               d:/stm32/arm_none_gcc/bin/../lib/gcc/arm-none-eabi/9.2.1/../../../../arm-none-eabi/lib/thumb/v6-m/nofp\libg.a(lib_a-lock.o)
__lock___sinit_recursive_mutex
                    0x1               d:/stm32/arm_none_gcc/bin/../lib/gcc/arm-none-eabi/9.2.1/../../../../arm-none-eabi/lib/thumb/v6-m/nofp\libg.a(lib_a-lock.o)
__lock___malloc_recursive_mutex
                    0x1               d:/stm32/arm_none_gcc/bin/../lib/gcc/arm-none-eabi/9.2.1/../../../../arm-none-eabi/lib/thumb/v6-m/nofp\libg.a(lib_a-lock.o)
__lock___at_quick_exit_mutex
                    0x1               d:/stm32/arm_none_gcc/bin/../lib/gcc/arm-none-eabi/9.2.1/../../../../arm-none-eabi/lib/thumb/v6-m/nofp\libg.a(lib_a-lock.o)
__lock___dd_hash_mutex
                    0x1               d:/stm32/arm_none_gcc/bin/../lib/gcc/arm-none-eabi/9.2.1/../../../../arm-none-eabi/lib/thumb/v6-m/nofp\libg.a(lib_a-lock.o)
__lock___tz_mutex   0x1               d:/stm32/arm_none_gcc/bin/../lib/gcc/arm-none-eabi/9.2.1/../../../../arm-none-eabi/lib/thumb/v6-m/nofp\libg.a(lib_a-lock.o)
[...]
Memory Configuration

Name             Origin             Length             Attributes
RAM              0x20000000         0x00001000         xrw
FLASH            0x08000000         0x00004000         xr
*default*        0x00000000         0xffffffff

Linker script and memory map

LOAD d:/stm32/arm_none_gcc/bin/../lib/gcc/arm-none-eabi/9.2.1/thumb/v6-m/nofp/crti.o
LOAD d:/stm32/arm_none_gcc/bin/../lib/gcc/arm-none-eabi/9.2.1/thumb/v6-m/nofp/crtbegin.o
LOAD d:/stm32/arm_none_gcc/bin/../lib/gcc/arm-none-eabi/9.2.1/../../../../arm-none-eabi/lib/thumb/v6-m/nofp/crt0.o
LOAD CMakeFiles/Balanced_infantry.elf.dir/Drivers/STM32F0xx_HAL_Driver/Src/stm32f0xx_hal.c.obj
LOAD CMakeFiles/Balanced_infantry.elf.dir/Drivers/STM32F0xx_HAL_Driver/Src/stm32f0xx_hal_cortex.c.obj
LOAD CMakeFiles/Balanced_infantry.elf.dir/Drivers/STM32F0xx_HAL_Driver/Src/stm32f0xx_hal_dma.c.obj
LOAD CMakeFiles/Balanced_infantry.elf.dir/Drivers/STM32F0xx_HAL_Driver/Src/stm32f0xx_hal_exti.c.obj
LOAD CMakeFiles/Balanced_infantry.elf.dir/Drivers/STM32F0xx_HAL_Driver/Src/stm32f0xx_hal_flash.c.obj
LOAD CMakeFiles/Balanced_infantry.elf.dir/Drivers/STM32F0xx_HAL_Driver/Src/stm32f0xx_hal_flash_ex.c.obj
LOAD CMakeFiles/Balanced_infantry.elf.dir/Drivers/STM32F0xx_HAL_Driver/Src/stm32f0xx_hal_gpio.c.obj
LOAD CMakeFiles/Balanced_infantry.elf.dir/Drivers/STM32F0xx_HAL_Driver/Src/stm32f0xx_hal_i2c.c.obj
LOAD CMakeFiles/Balanced_infantry.elf.dir/Drivers/STM32F0xx_HAL_Driver/Src/stm32f0xx_hal_i2c_ex.c.obj
LOAD CMakeFiles/Balanced_infantry.elf.dir/Drivers/STM32F0xx_HAL_Driver/Src/stm32f0xx_hal_pwr.c.obj
LOAD CMakeFiles/Balanced_infantry.elf.dir/Drivers/STM32F0xx_HAL_Driver/Src/stm32f0xx_hal_pwr_ex.c.obj
LOAD CMakeFiles/Balanced_infantry.elf.dir/Drivers/STM32F0xx_HAL_Driver/Src/stm32f0xx_hal_rcc.c.obj
LOAD CMakeFiles/Balanced_infantry.elf.dir/Drivers/STM32F0xx_HAL_Driver/Src/stm32f0xx_hal_rcc_ex.c.obj
LOAD CMakeFiles/Balanced_infantry.elf.dir/Drivers/STM32F0xx_HAL_Driver/Src/stm32f0xx_hal_tim.c.obj
LOAD CMakeFiles/Balanced_infantry.elf.dir/Drivers/STM32F0xx_HAL_Driver/Src/stm32f0xx_hal_tim_ex.c.obj
LOAD CMakeFiles/Balanced_infantry.elf.dir/Src/main.c.obj
LOAD CMakeFiles/Balanced_infantry.elf.dir/Src/stm32f0xx_hal_msp.c.obj
LOAD CMakeFiles/Balanced_infantry.elf.dir/Src/stm32f0xx_it.c.obj
LOAD CMakeFiles/Balanced_infantry.elf.dir/Src/syscalls.c.obj
LOAD CMakeFiles/Balanced_infantry.elf.dir/Src/sysmem.c.obj
LOAD CMakeFiles/Balanced_infantry.elf.dir/Src/system_stm32f0xx.c.obj
LOAD CMakeFiles/Balanced_infantry.elf.dir/Startup/startup_stm32f030f4px.s.obj
START GROUP
LOAD d:/stm32/arm_none_gcc/bin/../lib/gcc/arm-none-eabi/9.2.1/thumb/v6-m/nofp\libgcc.a
LOAD d:/stm32/arm_none_gcc/bin/../lib/gcc/arm-none-eabi/9.2.1/../../../../arm-none-eabi/lib/thumb/v6-m/nofp\libg.a
LOAD d:/stm32/arm_none_gcc/bin/../lib/gcc/arm-none-eabi/9.2.1/../../../../arm-none-eabi/lib/thumb/v6-m/nofp\libc.a
END GROUP
LOAD d:/stm32/arm_none_gcc/bin/../lib/gcc/arm-none-eabi/9.2.1/thumb/v6-m/nofp/crtend.o
LOAD d:/stm32/arm_none_gcc/bin/../lib/gcc/arm-none-eabi/9.2.1/thumb/v6-m/nofp/crtn.o
                0x20001000                _estack = (ORIGIN (RAM) + LENGTH (RAM))
                0x00000200                _Min_Heap_Size = 0x200
                0x00000400                _Min_Stack_Size = 0x400

.isr_vector     0x08000000       0xc0
                0x08000000                . = ALIGN (0x4)
 *(.isr_vector)
 .isr_vector    0x08000000       0xc0 CMakeFiles/Balanced_infantry.elf.dir/Startup/startup_stm32f030f4px.s.obj
                0x08000000                g_pfnVectors
                0x080000c0                . = ALIGN (0x4)

.text           0x080000c0      0xbb4
                0x080000c0                . = ALIGN (0x4)
 *(.text)
 .text          0x080000c0       0x48 d:/stm32/arm_none_gcc/bin/../lib/gcc/arm-none-eabi/9.2.1/thumb/v6-m/nofp/crtbegin.o
 .text          0x08000108      0x114 d:/stm32/arm_none_gcc/bin/../lib/gcc/arm-none-eabi/9.2.1/thumb/v6-m/nofp\libgcc.a(_udivsi3.o)
                0x08000108                __aeabi_uidiv
                0x08000108                __udivsi3
                0x08000214                __aeabi_uidivmod
 .text          0x0800021c        0x4 d:/stm32/arm_none_gcc/bin/../lib/gcc/arm-none-eabi/9.2.1/thumb/v6-m/nofp\libgcc.a(_dvmd_tls.o)
                0x0800021c                __aeabi_idiv0
                0x0800021c                __aeabi_ldiv0
 *(.text*)
 .text.HAL_InitTick
                0x08000220       0x50 CMakeFiles/Balanced_infantry.elf.dir/Drivers/STM32F0xx_HAL_Driver/Src/stm32f0xx_hal.c.obj
                0x08000220                HAL_InitTick
 .text.HAL_Init
                0x08000270       0x20 CMakeFiles/Balanced_infantry.elf.dir/Drivers/STM32F0xx_HAL_Driver/Src/stm32f0xx_hal.c.obj
                0x08000270                HAL_Init
 .text.HAL_IncTick
                0x08000290       0x18 CMakeFiles/Balanced_infantry.elf.dir/Drivers/STM32F0xx_HAL_Driver/Src/stm32f0xx_hal.c.obj
                0x08000290                HAL_IncTick
 .text.HAL_GetTick
                0x080002a8        0xc CMakeFiles/Balanced_infantry.elf.dir/Drivers/STM32F0xx_HAL_Driver/Src/stm32f0xx_hal.c.obj
                0x080002a8                HAL_GetTick
 .text.HAL_NVIC_SetPriority
                0x080002b4       0x60 CMakeFiles/Balanced_infantry.elf.dir/Drivers/STM32F0xx_HAL_Driver/Src/stm32f0xx_hal_cortex.c.obj
                0x080002b4                HAL_NVIC_SetPriority
 .text.HAL_SYSTICK_Config
                0x08000314       0x38 CMakeFiles/Balanced_infantry.elf.dir/Drivers/STM32F0xx_HAL_Driver/Src/stm32f0xx_hal_cortex.c.obj
                0x08000314                HAL_SYSTICK_Config
 .text.HAL_RCC_OscConfig
                0x0800034c      0x49c CMakeFiles/Balanced_infantry.elf.dir/Drivers/STM32F0xx_HAL_Driver/Src/stm32f0xx_hal_rcc.c.obj
                0x0800034c                HAL_RCC_OscConfig
 .text.HAL_RCC_GetSysClockFreq
                0x080007e8       0x54 CMakeFiles/Balanced_infantry.elf.dir/Drivers/STM32F0xx_HAL_Driver/Src/stm32f0xx_hal_rcc.c.obj
                0x080007e8                HAL_RCC_GetSysClockFreq
 .text.HAL_RCC_ClockConfig
                0x0800083c      0x134 CMakeFiles/Balanced_infantry.elf.dir/Drivers/STM32F0xx_HAL_Driver/Src/stm32f0xx_hal_rcc.c.obj
                0x0800083c                HAL_RCC_ClockConfig
 .text.Error_Handler
                0x08000970        0x4 CMakeFiles/Balanced_infantry.elf.dir/Src/main.c.obj
                0x08000970                Error_Handler
 .text.SystemClock_Config
                0x08000974       0x52 CMakeFiles/Balanced_infantry.elf.dir/Src/main.c.obj
                0x08000974                SystemClock_Config
 .text.main     0x080009c6        0xc CMakeFiles/Balanced_infantry.elf.dir/Src/main.c.obj
                0x080009c6                main
 *fill*         0x080009d2        0x2 
 .text.HAL_MspInit
                0x080009d4       0x30 CMakeFiles/Balanced_infantry.elf.dir/Src/stm32f0xx_hal_msp.c.obj
                0x080009d4                HAL_MspInit
 .text.NMI_Handler
                0x08000a04        0x2 CMakeFiles/Balanced_infantry.elf.dir/Src/stm32f0xx_it.c.obj
                0x08000a04                NMI_Handler
 .text.HardFault_Handler
                0x08000a06        0x2 CMakeFiles/Balanced_infantry.elf.dir/Src/stm32f0xx_it.c.obj
                0x08000a06                HardFault_Handler
 .text.SVC_Handler
                0x08000a08        0x2 CMakeFiles/Balanced_infantry.elf.dir/Src/stm32f0xx_it.c.obj
                0x08000a08                SVC_Handler
 .text.PendSV_Handler
                0x08000a0a        0x2 CMakeFiles/Balanced_infantry.elf.dir/Src/stm32f0xx_it.c.obj
                0x08000a0a                PendSV_Handler
 .text.SysTick_Handler
                0x08000a0c        0x8 CMakeFiles/Balanced_infantry.elf.dir/Src/stm32f0xx_it.c.obj
                0x08000a0c                SysTick_Handler
 .text.SystemInit
                0x08000a14        0x2 CMakeFiles/Balanced_infantry.elf.dir/Src/system_stm32f0xx.c.obj
                0x08000a14                SystemInit
 *fill*         0x08000a16        0x2 
 .text.Reset_Handler
                0x08000a18       0x50 CMakeFiles/Balanced_infantry.elf.dir/Startup/startup_stm32f030f4px.s.obj
                0x08000a18                Reset_Handler
 .text.Default_Handler
                0x08000a68        0x2 CMakeFiles/Balanced_infantry.elf.dir/Startup/startup_stm32f030f4px.s.obj
                0x08000a68                TIM1_CC_IRQHandler
                0x08000a68                I2C1_IRQHandler
                0x08000a68                SPI1_IRQHandler
                0x08000a68                EXTI2_3_IRQHandler
                0x08000a68                ADC1_IRQHandler
                0x08000a68                TIM17_IRQHandler
                0x08000a68                RTC_IRQHandler
                0x08000a68                TIM16_IRQHandler
                0x08000a68                TIM3_IRQHandler
                0x08000a68                EXTI4_15_IRQHandler
                0x08000a68                RCC_IRQHandler
                0x08000a68                DMA1_Channel1_IRQHandler
                0x08000a68                Default_Handler
                0x08000a68                TIM14_IRQHandler
                0x08000a68                DMA1_Channel4_5_IRQHandler
                0x08000a68                EXTI0_1_IRQHandler
                0x08000a68                WWDG_IRQHandler
                0x08000a68                DMA1_Channel2_3_IRQHandler
                0x08000a68                FLASH_IRQHandler
                0x08000a68                USART1_IRQHandler
                0x08000a68                TIM1_BRK_UP_TRG_COM_IRQHandler
 *fill*         0x08000a6a        0x2 
 .text.__libc_init_array
                0x08000a6c       0x44 d:/stm32/arm_none_gcc/bin/../lib/gcc/arm-none-eabi/9.2.1/../../../../arm-none-eabi/lib/thumb/v6-m/nofp\libg.a(lib_a-init.o)
                0x08000a6c                __libc_init_array
 .text.memset   0x08000ab0       0xa8 d:/stm32/arm_none_gcc/bin/../lib/gcc/arm-none-eabi/9.2.1/../../../../arm-none-eabi/lib/thumb/v6-m/nofp\libg.a(lib_a-memset.o)
                0x08000ab0                memset
 .text.startup.register_fini
                0x08000b58       0x18 d:/stm32/arm_none_gcc/bin/../lib/gcc/arm-none-eabi/9.2.1/../../../../arm-none-eabi/lib/thumb/v6-m/nofp\libg.a(lib_a-__call_atexit.o)
 .text.atexit   0x08000b70       0x10 d:/stm32/arm_none_gcc/bin/../lib/gcc/arm-none-eabi/9.2.1/../../../../arm-none-eabi/lib/thumb/v6-m/nofp\libg.a(lib_a-atexit.o)
                0x08000b70                atexit
 .text.__libc_fini_array
                0x08000b80       0x28 d:/stm32/arm_none_gcc/bin/../lib/gcc/arm-none-eabi/9.2.1/../../../../arm-none-eabi/lib/thumb/v6-m/nofp\libg.a(lib_a-fini.o)
                0x08000b80                __libc_fini_array
 .text.__retarget_lock_acquire_recursive
                0x08000ba8        0x4 d:/stm32/arm_none_gcc/bin/../lib/gcc/arm-none-eabi/9.2.1/../../../../arm-none-eabi/lib/thumb/v6-m/nofp\libg.a(lib_a-lock.o)
                0x08000ba8                __retarget_lock_acquire_recursive
 .text.__retarget_lock_release_recursive
                0x08000bac        0x4 d:/stm32/arm_none_gcc/bin/../lib/gcc/arm-none-eabi/9.2.1/../../../../arm-none-eabi/lib/thumb/v6-m/nofp\libg.a(lib_a-lock.o)
                0x08000bac                __retarget_lock_release_recursive
 .text.__register_exitproc
                0x08000bb0       0xac d:/stm32/arm_none_gcc/bin/../lib/gcc/arm-none-eabi/9.2.1/../../../../arm-none-eabi/lib/thumb/v6-m/nofp\libg.a(lib_a-__atexit.o)
                0x08000bb0                __register_exitproc
 *(.glue_7)
 .glue_7        0x08000c5c        0x0 linker stubs
 *(.glue_7t)
 .glue_7t       0x08000c5c        0x0 linker stubs
 *(.eh_frame)
 .eh_frame      0x08000c5c        0x0 d:/stm32/arm_none_gcc/bin/../lib/gcc/arm-none-eabi/9.2.1/thumb/v6-m/nofp/crtbegin.o
 *(.init)
 .init          0x08000c5c        0x4 d:/stm32/arm_none_gcc/bin/../lib/gcc/arm-none-eabi/9.2.1/thumb/v6-m/nofp/crti.o
                0x08000c5c                _init
 .init          0x08000c60        0x8 d:/stm32/arm_none_gcc/bin/../lib/gcc/arm-none-eabi/9.2.1/thumb/v6-m/nofp/crtn.o
 *(.fini)
 .fini          0x08000c68        0x4 d:/stm32/arm_none_gcc/bin/../lib/gcc/arm-none-eabi/9.2.1/thumb/v6-m/nofp/crti.o
                0x08000c68                _fini
 .fini          0x08000c6c        0x8 d:/stm32/arm_none_gcc/bin/../lib/gcc/arm-none-eabi/9.2.1/thumb/v6-m/nofp/crtn.o
                0x08000c74                . = ALIGN (0x4)
                0x08000c74                _etext = .

.vfp11_veneer   0x08000c74        0x0
 .vfp11_veneer  0x08000c74        0x0 linker stubs

.v4_bx          0x08000c74        0x0
 .v4_bx         0x08000c74        0x0 linker stubs

.iplt           0x08000c74        0x0
 .iplt          0x08000c74        0x0 d:/stm32/arm_none_gcc/bin/../lib/gcc/arm-none-eabi/9.2.1/thumb/v6-m/nofp/crtbegin.o

.rodata         0x08000c74       0x34
                0x08000c74                . = ALIGN (0x4)
 *(.rodata)
 *(.rodata*)
 .rodata.aPLLMULFactorTable.5430
                0x08000c74       0x10 CMakeFiles/Balanced_infantry.elf.dir/Drivers/STM32F0xx_HAL_Driver/Src/stm32f0xx_hal_rcc.c.obj
 .rodata.aPredivFactorTable.5431
                0x08000c84       0x10 CMakeFiles/Balanced_infantry.elf.dir/Drivers/STM32F0xx_HAL_Driver/Src/stm32f0xx_hal_rcc.c.obj
 .rodata.AHBPrescTable
                0x08000c94       0x10 CMakeFiles/Balanced_infantry.elf.dir/Src/system_stm32f0xx.c.obj
                0x08000c94                AHBPrescTable
 .rodata._global_impure_ptr
                0x08000ca4        0x4 d:/stm32/arm_none_gcc/bin/../lib/gcc/arm-none-eabi/9.2.1/../../../../arm-none-eabi/lib/thumb/v6-m/nofp\libg.a(lib_a-impure.o)
                0x08000ca4                _global_impure_ptr
                0x08000ca8                . = ALIGN (0x4)

.rel.dyn        0x08000ca8        0x0
 .rel.iplt      0x08000ca8        0x0 d:/stm32/arm_none_gcc/bin/../lib/gcc/arm-none-eabi/9.2.1/thumb/v6-m/nofp/crtbegin.o

.ARM.extab      0x08000ca8        0x0
                0x08000ca8                . = ALIGN (0x4)
 *(.ARM.extab* .gnu.linkonce.armextab.*)
                0x08000ca8                . = ALIGN (0x4)

.ARM            0x08000ca8        0x0
                0x08000ca8                . = ALIGN (0x4)
                0x08000ca8                __exidx_start = .
 *(.ARM.exidx*)
                0x08000ca8                __exidx_end = .
                0x08000ca8                . = ALIGN (0x4)

.preinit_array  0x08000ca8        0x0
                0x08000ca8                . = ALIGN (0x4)
                0x08000ca8                PROVIDE (__preinit_array_start = .)
 *(.preinit_array*)
                0x08000ca8                PROVIDE (__preinit_array_end = .)
                0x08000ca8                . = ALIGN (0x4)

.init_array     0x08000ca8        0x8
                0x08000ca8                . = ALIGN (0x4)
                0x08000ca8                PROVIDE (__init_array_start = .)
 *(SORT_BY_NAME(.init_array.*))
 .init_array.00000
                0x08000ca8        0x4 d:/stm32/arm_none_gcc/bin/../lib/gcc/arm-none-eabi/9.2.1/../../../../arm-none-eabi/lib/thumb/v6-m/nofp\libg.a(lib_a-__call_atexit.o)
 *(.init_array*)
 .init_array    0x08000cac        0x4 d:/stm32/arm_none_gcc/bin/../lib/gcc/arm-none-eabi/9.2.1/thumb/v6-m/nofp/crtbegin.o
                0x08000cb0                PROVIDE (__init_array_end = .)
                0x08000cb0                . = ALIGN (0x4)

.fini_array     0x08000cb0        0x4
                0x08000cb0                . = ALIGN (0x4)
                0x08000cb0                PROVIDE (__fini_array_start = .)
 *(SORT_BY_NAME(.fini_array.*))
 *(.fini_array*)
 .fini_array    0x08000cb0        0x4 d:/stm32/arm_none_gcc/bin/../lib/gcc/arm-none-eabi/9.2.1/thumb/v6-m/nofp/crtbegin.o
                0x08000cb4                PROVIDE (__fini_array_end = .)
                0x08000cb4                . = ALIGN (0x4)
                0x08000cb4                _sidata = LOADADDR (.data)

.data           0x20000000      0x43c load address 0x08000cb4
                0x20000000                . = ALIGN (0x4)
                0x20000000                _sdata = .
 *(.data)
 *(.data*)
 .data.uwTickFreq
                0x20000000        0x1 CMakeFiles/Balanced_infantry.elf.dir/Drivers/STM32F0xx_HAL_Driver/Src/stm32f0xx_hal.c.obj
                0x20000000                uwTickFreq
 *fill*         0x20000001        0x3 
 .data.uwTickPrio
                0x20000004        0x4 CMakeFiles/Balanced_infantry.elf.dir/Drivers/STM32F0xx_HAL_Driver/Src/stm32f0xx_hal.c.obj
                0x20000004                uwTickPrio
 .data.SystemCoreClock
                0x20000008        0x4 CMakeFiles/Balanced_infantry.elf.dir/Src/system_stm32f0xx.c.obj
                0x20000008                SystemCoreClock
 *fill*         0x2000000c        0x4 
 .data.impure_data
                0x20000010      0x428 d:/stm32/arm_none_gcc/bin/../lib/gcc/arm-none-eabi/9.2.1/../../../../arm-none-eabi/lib/thumb/v6-m/nofp\libg.a(lib_a-impure.o)
 .data.__atexit_recursive_mutex
                0x20000438        0x4 d:/stm32/arm_none_gcc/bin/../lib/gcc/arm-none-eabi/9.2.1/../../../../arm-none-eabi/lib/thumb/v6-m/nofp\libg.a(lib_a-__call_atexit.o)
                0x20000438                __atexit_recursive_mutex
 *(.RamFunc)
 *(.RamFunc*)
                0x2000043c                . = ALIGN (0x4)
                0x2000043c                _edata = .

.igot.plt       0x2000043c        0x0 load address 0x080010f0
 .igot.plt      0x2000043c        0x0 d:/stm32/arm_none_gcc/bin/../lib/gcc/arm-none-eabi/9.2.1/thumb/v6-m/nofp/crtbegin.o
                0x2000043c                . = ALIGN (0x4)

.bss            0x2000043c       0x44 load address 0x080010f0
                0x2000043c                _sbss = .
                0x2000043c                __bss_start__ = _sbss
 *(.bss)
 .bss           0x2000043c       0x1c d:/stm32/arm_none_gcc/bin/../lib/gcc/arm-none-eabi/9.2.1/thumb/v6-m/nofp/crtbegin.o
 *(.bss*)
 .bss.uwTick    0x20000458        0x4 CMakeFiles/Balanced_infantry.elf.dir/Drivers/STM32F0xx_HAL_Driver/Src/stm32f0xx_hal.c.obj
                0x20000458                uwTick
 *(COMMON)
 COMMON         0x2000045c       0x21 d:/stm32/arm_none_gcc/bin/../lib/gcc/arm-none-eabi/9.2.1/../../../../arm-none-eabi/lib/thumb/v6-m/nofp\libg.a(lib_a-lock.o)
                0x2000045c                __lock___atexit_recursive_mutex
                0x20000460                __lock___arc4random_mutex
                0x20000464                __lock___env_recursive_mutex
                0x20000468                __lock___sinit_recursive_mutex
                0x2000046c                __lock___malloc_recursive_mutex
                0x20000470                __lock___at_quick_exit_mutex
                0x20000474                __lock___dd_hash_mutex
                0x20000478                __lock___tz_mutex
                0x2000047c                __lock___sfp_recursive_mutex
                0x20000480                . = ALIGN (0x4)
 *fill*         0x2000047d        0x3 
                0x20000480                _ebss = .
                0x20000480                __bss_end__ = _ebss

._user_heap_stack
                0x20000480      0x600 load address 0x080010f0
                0x20000480                . = ALIGN (0x8)
                [!provide]                PROVIDE (end = .)
                0x20000480                PROVIDE (_end = .)
                0x20000680                . = (. + _Min_Heap_Size)
 *fill*         0x20000480      0x200 
                0x20000a80                . = (. + _Min_Stack_Size)
 *fill*         0x20000680      0x400 
                0x20000a80                . = ALIGN (0x8)

/DISCARD/
 libc.a(*)
 libm.a(*)
 libgcc.a(*)

.ARM.attributes
                0x00000000       0x28
 *(.ARM.attributes)
 .ARM.attributes
                0x00000000       0x1e d:/stm32/arm_none_gcc/bin/../lib/gcc/arm-none-eabi/9.2.1/thumb/v6-m/nofp/crti.o
 .ARM.attributes
                0x0000001e       0x2c d:/stm32/arm_none_gcc/bin/../lib/gcc/arm-none-eabi/9.2.1/thumb/v6-m/nofp/crtbegin.o
 .ARM.attributes
                0x0000004a       0x2c CMakeFiles/Balanced_infantry.elf.dir/Drivers/STM32F0xx_HAL_Driver/Src/stm32f0xx_hal.c.obj
 .ARM.attributes
                0x00000076       0x2c CMakeFiles/Balanced_infantry.elf.dir/Drivers/STM32F0xx_HAL_Driver/Src/stm32f0xx_hal_cortex.c.obj
 .ARM.attributes
                0x000000a2       0x2c CMakeFiles/Balanced_infantry.elf.dir/Drivers/STM32F0xx_HAL_Driver/Src/stm32f0xx_hal_rcc.c.obj
 .ARM.attributes
                0x000000ce       0x2c CMakeFiles/Balanced_infantry.elf.dir/Src/main.c.obj
 .ARM.attributes
                0x000000fa       0x2c CMakeFiles/Balanced_infantry.elf.dir/Src/stm32f0xx_hal_msp.c.obj
 .ARM.attributes
                0x00000126       0x2c CMakeFiles/Balanced_infantry.elf.dir/Src/stm32f0xx_it.c.obj
 .ARM.attributes
                0x00000152       0x2c CMakeFiles/Balanced_infantry.elf.dir/Src/system_stm32f0xx.c.obj
 .ARM.attributes
                0x0000017e       0x21 CMakeFiles/Balanced_infantry.elf.dir/Startup/startup_stm32f030f4px.s.obj
 .ARM.attributes
                0x0000019f       0x1e d:/stm32/arm_none_gcc/bin/../lib/gcc/arm-none-eabi/9.2.1/thumb/v6-m/nofp\libgcc.a(_udivsi3.o)
 .ARM.attributes
                0x000001bd       0x1e d:/stm32/arm_none_gcc/bin/../lib/gcc/arm-none-eabi/9.2.1/thumb/v6-m/nofp\libgcc.a(_dvmd_tls.o)
 .ARM.attributes
                0x000001db       0x2c d:/stm32/arm_none_gcc/bin/../lib/gcc/arm-none-eabi/9.2.1/../../../../arm-none-eabi/lib/thumb/v6-m/nofp\libg.a(lib_a-impure.o)
 .ARM.attributes
                0x00000207       0x2c d:/stm32/arm_none_gcc/bin/../lib/gcc/arm-none-eabi/9.2.1/../../../../arm-none-eabi/lib/thumb/v6-m/nofp\libg.a(lib_a-init.o)
 .ARM.attributes
                0x00000233       0x2c d:/stm32/arm_none_gcc/bin/../lib/gcc/arm-none-eabi/9.2.1/../../../../arm-none-eabi/lib/thumb/v6-m/nofp\libg.a(lib_a-memset.o)
 .ARM.attributes
                0x0000025f       0x2c d:/stm32/arm_none_gcc/bin/../lib/gcc/arm-none-eabi/9.2.1/../../../../arm-none-eabi/lib/thumb/v6-m/nofp\libg.a(lib_a-__call_atexit.o)
 .ARM.attributes
                0x0000028b       0x2c d:/stm32/arm_none_gcc/bin/../lib/gcc/arm-none-eabi/9.2.1/../../../../arm-none-eabi/lib/thumb/v6-m/nofp\libg.a(lib_a-atexit.o)
 .ARM.attributes
                0x000002b7       0x2c d:/stm32/arm_none_gcc/bin/../lib/gcc/arm-none-eabi/9.2.1/../../../../arm-none-eabi/lib/thumb/v6-m/nofp\libg.a(lib_a-fini.o)
 .ARM.attributes
                0x000002e3       0x2c d:/stm32/arm_none_gcc/bin/../lib/gcc/arm-none-eabi/9.2.1/../../../../arm-none-eabi/lib/thumb/v6-m/nofp\libg.a(lib_a-lock.o)
 .ARM.attributes
                0x0000030f       0x2c d:/stm32/arm_none_gcc/bin/../lib/gcc/arm-none-eabi/9.2.1/../../../../arm-none-eabi/lib/thumb/v6-m/nofp\libg.a(lib_a-__atexit.o)
 .ARM.attributes
                0x0000033b       0x1e d:/stm32/arm_none_gcc/bin/../lib/gcc/arm-none-eabi/9.2.1/thumb/v6-m/nofp/crtn.o
OUTPUT(Balanced_infantry.elf elf32-littlearm)

.debug_info     0x00000000     0x25fb
 .debug_info    0x00000000      0x75d CMakeFiles/Balanced_infantry.elf.dir/Drivers/STM32F0xx_HAL_Driver/Src/stm32f0xx_hal.c.obj
 .debug_info    0x0000075d      0x8e1 CMakeFiles/Balanced_infantry.elf.dir/Drivers/STM32F0xx_HAL_Driver/Src/stm32f0xx_hal_cortex.c.obj
 .debug_info    0x0000103e      0xaa1 CMakeFiles/Balanced_infantry.elf.dir/Drivers/STM32F0xx_HAL_Driver/Src/stm32f0xx_hal_rcc.c.obj
 .debug_info    0x00001adf      0x3e4 CMakeFiles/Balanced_infantry.elf.dir/Src/main.c.obj
 .debug_info    0x00001ec3      0x279 CMakeFiles/Balanced_infantry.elf.dir/Src/stm32f0xx_hal_msp.c.obj
 .debug_info    0x0000213c      0x1ca CMakeFiles/Balanced_infantry.elf.dir/Src/stm32f0xx_it.c.obj
 .debug_info    0x00002306      0x2d3 CMakeFiles/Balanced_infantry.elf.dir/Src/system_stm32f0xx.c.obj
 .debug_info    0x000025d9       0x22 CMakeFiles/Balanced_infantry.elf.dir/Startup/startup_stm32f030f4px.s.obj

.debug_abbrev   0x00000000      0xc9b
 .debug_abbrev  0x00000000      0x268 CMakeFiles/Balanced_infantry.elf.dir/Drivers/STM32F0xx_HAL_Driver/Src/stm32f0xx_hal.c.obj
 .debug_abbrev  0x00000268      0x2b9 CMakeFiles/Balanced_infantry.elf.dir/Drivers/STM32F0xx_HAL_Driver/Src/stm32f0xx_hal_cortex.c.obj
 .debug_abbrev  0x00000521      0x271 CMakeFiles/Balanced_infantry.elf.dir/Drivers/STM32F0xx_HAL_Driver/Src/stm32f0xx_hal_rcc.c.obj
 .debug_abbrev  0x00000792      0x1a6 CMakeFiles/Balanced_infantry.elf.dir/Src/main.c.obj
 .debug_abbrev  0x00000938      0x11a CMakeFiles/Balanced_infantry.elf.dir/Src/stm32f0xx_hal_msp.c.obj
 .debug_abbrev  0x00000a52       0xef CMakeFiles/Balanced_infantry.elf.dir/Src/stm32f0xx_it.c.obj
 .debug_abbrev  0x00000b41      0x148 CMakeFiles/Balanced_infantry.elf.dir/Src/system_stm32f0xx.c.obj
 .debug_abbrev  0x00000c89       0x12 CMakeFiles/Balanced_infantry.elf.dir/Startup/startup_stm32f030f4px.s.obj

.debug_loc      0x00000000      0xce2
 .debug_loc     0x00000000      0x141 CMakeFiles/Balanced_infantry.elf.dir/Drivers/STM32F0xx_HAL_Driver/Src/stm32f0xx_hal.c.obj
 .debug_loc     0x00000141      0x433 CMakeFiles/Balanced_infantry.elf.dir/Drivers/STM32F0xx_HAL_Driver/Src/stm32f0xx_hal_cortex.c.obj
 .debug_loc     0x00000574      0x607 CMakeFiles/Balanced_infantry.elf.dir/Drivers/STM32F0xx_HAL_Driver/Src/stm32f0xx_hal_rcc.c.obj
 .debug_loc     0x00000b7b      0x167 CMakeFiles/Balanced_infantry.elf.dir/Src/system_stm32f0xx.c.obj

.debug_aranges  0x00000000      0x2a8
 .debug_aranges
                0x00000000       0xd0 CMakeFiles/Balanced_infantry.elf.dir/Drivers/STM32F0xx_HAL_Driver/Src/stm32f0xx_hal.c.obj
 .debug_aranges
                0x000000d0       0x78 CMakeFiles/Balanced_infantry.elf.dir/Drivers/STM32F0xx_HAL_Driver/Src/stm32f0xx_hal_cortex.c.obj
 .debug_aranges
                0x00000148       0x80 CMakeFiles/Balanced_infantry.elf.dir/Drivers/STM32F0xx_HAL_Driver/Src/stm32f0xx_hal_rcc.c.obj
 .debug_aranges
                0x000001c8       0x30 CMakeFiles/Balanced_infantry.elf.dir/Src/main.c.obj
 .debug_aranges
                0x000001f8       0x20 CMakeFiles/Balanced_infantry.elf.dir/Src/stm32f0xx_hal_msp.c.obj
 .debug_aranges
                0x00000218       0x40 CMakeFiles/Balanced_infantry.elf.dir/Src/stm32f0xx_it.c.obj
 .debug_aranges
                0x00000258       0x28 CMakeFiles/Balanced_infantry.elf.dir/Src/system_stm32f0xx.c.obj
 .debug_aranges
                0x00000280       0x28 CMakeFiles/Balanced_infantry.elf.dir/Startup/startup_stm32f030f4px.s.obj

.debug_ranges   0x00000000      0x2a8
 .debug_ranges  0x00000000       0xc0 CMakeFiles/Balanced_infantry.elf.dir/Drivers/STM32F0xx_HAL_Driver/Src/stm32f0xx_hal.c.obj
 .debug_ranges  0x000000c0       0xc8 CMakeFiles/Balanced_infantry.elf.dir/Drivers/STM32F0xx_HAL_Driver/Src/stm32f0xx_hal_cortex.c.obj
 .debug_ranges  0x00000188       0x88 CMakeFiles/Balanced_infantry.elf.dir/Drivers/STM32F0xx_HAL_Driver/Src/stm32f0xx_hal_rcc.c.obj
 .debug_ranges  0x00000210       0x20 CMakeFiles/Balanced_infantry.elf.dir/Src/main.c.obj
 .debug_ranges  0x00000230       0x10 CMakeFiles/Balanced_infantry.elf.dir/Src/stm32f0xx_hal_msp.c.obj
 .debug_ranges  0x00000240       0x30 CMakeFiles/Balanced_infantry.elf.dir/Src/stm32f0xx_it.c.obj
 .debug_ranges  0x00000270       0x18 CMakeFiles/Balanced_infantry.elf.dir/Src/system_stm32f0xx.c.obj
 .debug_ranges  0x00000288       0x20 CMakeFiles/Balanced_infantry.elf.dir/Startup/startup_stm32f030f4px.s.obj

.debug_line     0x00000000     0x22cb
 .debug_line    0x00000000      0x5ae CMakeFiles/Balanced_infantry.elf.dir/Drivers/STM32F0xx_HAL_Driver/Src/stm32f0xx_hal.c.obj
 .debug_line    0x000005ae      0x609 CMakeFiles/Balanced_infantry.elf.dir/Drivers/STM32F0xx_HAL_Driver/Src/stm32f0xx_hal_cortex.c.obj
 .debug_line    0x00000bb7      0xbc1 CMakeFiles/Balanced_infantry.elf.dir/Drivers/STM32F0xx_HAL_Driver/Src/stm32f0xx_hal_rcc.c.obj
 .debug_line    0x00001778      0x34f CMakeFiles/Balanced_infantry.elf.dir/Src/main.c.obj
 .debug_line    0x00001ac7      0x21c CMakeFiles/Balanced_infantry.elf.dir/Src/stm32f0xx_hal_msp.c.obj
 .debug_line    0x00001ce3      0x26c CMakeFiles/Balanced_infantry.elf.dir/Src/stm32f0xx_it.c.obj
 .debug_line    0x00001f4f      0x2be CMakeFiles/Balanced_infantry.elf.dir/Src/system_stm32f0xx.c.obj
 .debug_line    0x0000220d       0xbe CMakeFiles/Balanced_infantry.elf.dir/Startup/startup_stm32f030f4px.s.obj

.debug_str      0x00000000      0xfeb
 .debug_str     0x00000000      0x6d4 CMakeFiles/Balanced_infantry.elf.dir/Drivers/STM32F0xx_HAL_Driver/Src/stm32f0xx_hal.c.obj
                                0x729 (size before relaxing)
 .debug_str     0x000006d4      0x2cf CMakeFiles/Balanced_infantry.elf.dir/Drivers/STM32F0xx_HAL_Driver/Src/stm32f0xx_hal_cortex.c.obj
                                0x713 (size before relaxing)
 .debug_str     0x000009a3      0x3ce CMakeFiles/Balanced_infantry.elf.dir/Drivers/STM32F0xx_HAL_Driver/Src/stm32f0xx_hal_rcc.c.obj
                                0x75e (size before relaxing)
 .debug_str     0x00000d71       0x8d CMakeFiles/Balanced_infantry.elf.dir/Src/main.c.obj
                                0x49c (size before relaxing)
 .debug_str     0x00000dfe       0x55 CMakeFiles/Balanced_infantry.elf.dir/Src/stm32f0xx_hal_msp.c.obj
                                0x354 (size before relaxing)
 .debug_str     0x00000e53       0x99 CMakeFiles/Balanced_infantry.elf.dir/Src/stm32f0xx_it.c.obj
                                0x33e (size before relaxing)
 .debug_str     0x00000eec       0x94 CMakeFiles/Balanced_infantry.elf.dir/Src/system_stm32f0xx.c.obj
                                0x380 (size before relaxing)
 .debug_str     0x00000f80       0x6b CMakeFiles/Balanced_infantry.elf.dir/Startup/startup_stm32f030f4px.s.obj
                                 0xba (size before relaxing)

.comment        0x00000000       0x79
 .comment       0x00000000       0x79 CMakeFiles/Balanced_infantry.elf.dir/Drivers/STM32F0xx_HAL_Driver/Src/stm32f0xx_hal.c.obj
                                 0x7a (size before relaxing)
 .comment       0x00000079       0x7a CMakeFiles/Balanced_infantry.elf.dir/Drivers/STM32F0xx_HAL_Driver/Src/stm32f0xx_hal_cortex.c.obj
 .comment       0x00000079       0x7a CMakeFiles/Balanced_infantry.elf.dir/Drivers/STM32F0xx_HAL_Driver/Src/stm32f0xx_hal_rcc.c.obj
 .comment       0x00000079       0x7a CMakeFiles/Balanced_infantry.elf.dir/Src/main.c.obj
 .comment       0x00000079       0x7a CMakeFiles/Balanced_infantry.elf.dir/Src/stm32f0xx_hal_msp.c.obj
 .comment       0x00000079       0x7a CMakeFiles/Balanced_infantry.elf.dir/Src/stm32f0xx_it.c.obj
 .comment       0x00000079       0x7a CMakeFiles/Balanced_infantry.elf.dir/Src/system_stm32f0xx.c.obj

.debug_frame    0x00000000      0x6ec
 .debug_frame   0x00000000      0x1ac CMakeFiles/Balanced_infantry.elf.dir/Drivers/STM32F0xx_HAL_Driver/Src/stm32f0xx_hal.c.obj
 .debug_frame   0x000001ac       0xe4 CMakeFiles/Balanced_infantry.elf.dir/Drivers/STM32F0xx_HAL_Driver/Src/stm32f0xx_hal_cortex.c.obj
 .debug_frame   0x00000290      0x138 CMakeFiles/Balanced_infantry.elf.dir/Drivers/STM32F0xx_HAL_Driver/Src/stm32f0xx_hal_rcc.c.obj
 .debug_frame   0x000003c8       0x50 CMakeFiles/Balanced_infantry.elf.dir/Src/main.c.obj
 .debug_frame   0x00000418       0x24 CMakeFiles/Balanced_infantry.elf.dir/Src/stm32f0xx_hal_msp.c.obj
 .debug_frame   0x0000043c       0x68 CMakeFiles/Balanced_infantry.elf.dir/Src/stm32f0xx_it.c.obj
 .debug_frame   0x000004a4       0x38 CMakeFiles/Balanced_infantry.elf.dir/Src/system_stm32f0xx.c.obj
 .debug_frame   0x000004dc       0x20 d:/stm32/arm_none_gcc/bin/../lib/gcc/arm-none-eabi/9.2.1/thumb/v6-m/nofp\libgcc.a(_udivsi3.o)
 .debug_frame   0x000004fc       0x2c d:/stm32/arm_none_gcc/bin/../lib/gcc/arm-none-eabi/9.2.1/../../../../arm-none-eabi/lib/thumb/v6-m/nofp\libg.a(lib_a-init.o)
 .debug_frame   0x00000528       0x30 d:/stm32/arm_none_gcc/bin/../lib/gcc/arm-none-eabi/9.2.1/../../../../arm-none-eabi/lib/thumb/v6-m/nofp\libg.a(lib_a-memset.o)
 .debug_frame   0x00000558       0x54 d:/stm32/arm_none_gcc/bin/../lib/gcc/arm-none-eabi/9.2.1/../../../../arm-none-eabi/lib/thumb/v6-m/nofp\libg.a(lib_a-__call_atexit.o)
 .debug_frame   0x000005ac       0x28 d:/stm32/arm_none_gcc/bin/../lib/gcc/arm-none-eabi/9.2.1/../../../../arm-none-eabi/lib/thumb/v6-m/nofp\libg.a(lib_a-atexit.o)
 .debug_frame   0x000005d4       0x2c d:/stm32/arm_none_gcc/bin/../lib/gcc/arm-none-eabi/9.2.1/../../../../arm-none-eabi/lib/thumb/v6-m/nofp\libg.a(lib_a-fini.o)
 .debug_frame   0x00000600       0xb0 d:/stm32/arm_none_gcc/bin/../lib/gcc/arm-none-eabi/9.2.1/../../../../arm-none-eabi/lib/thumb/v6-m/nofp\libg.a(lib_a-lock.o)
 .debug_frame   0x000006b0       0x3c d:/stm32/arm_none_gcc/bin/../lib/gcc/arm-none-eabi/9.2.1/../../../../arm-none-eabi/lib/thumb/v6-m/nofp\libg.a(lib_a-__atexit.o)
